main.c:100:5:main	8	static
main.c:183:6:SystemClock_Config	88	static
main.c:228:13:MX_TIM1_Init	96	static
main.c:311:13:MX_TIM2_Init	32	static
main.c:356:13:MX_TIM3_Init	56	static
main.c:405:13:MX_USART2_UART_Init	8	static
main.c:438:13:MX_GPIO_Init	48	static
main.c:474:6:SetHome	8	static
main.c:511:6:Trajectory	16	static
main.c:537:6:PIDinit	4	static
main.c:548:6:PID	48	static
main.c:611:7:Velocity	24	static
main.c:620:6:PWMgeneration	8	static
main.c:646:7:EncoderVelocity_Update	48	static
main.c:682:6:HAL_TIM_PeriodElapsedCallback	24	static
main.c:689:10:micros	12	static
main.c:700:6:Error_Handler	4	static,ignoring_inline_asm
