main.c:185:5:main	16	static
main.c:324:6:SystemClock_Config	88	static
main.c:369:13:MX_I2C1_Init	8	static
main.c:403:13:MX_TIM1_Init	96	static
main.c:482:13:MX_TIM2_Init	32	static
main.c:527:13:MX_TIM3_Init	56	static
main.c:576:13:MX_USART2_UART_Init	8	static
main.c:607:13:MX_DMA_Init	16	static
main.c:628:13:MX_GPIO_Init	48	static
main.c:663:6:EndEffWrite	8	static
main.c:673:6:GoToGoal	16	static
main.c:677:6:SetHome	16	static
main.c:715:6:FirstTraj	56	static
main.c:797:6:PIDinit	4	static
main.c:812:6:PID	24	static
main.c:911:7:Velocity	24	static
main.c:920:6:PWMgeneration	8	static
main.c:942:7:EncoderVelocity_Update	48	static
main.c:978:6:HAL_TIM_PeriodElapsedCallback	24	static
main.c:985:10:micros	12	static
main.c:996:6:Error_Handler	4	static,ignoring_inline_asm
