../Core/Src/main.c:241:5:main	56	static
../Core/Src/main.c:550:6:SystemClock_Config	88	static
../Core/Src/main.c:595:13:MX_I2C1_Init	8	static
../Core/Src/main.c:629:13:MX_TIM1_Init	96	static
../Core/Src/main.c:708:13:MX_TIM2_Init	32	static
../Core/Src/main.c:753:13:MX_TIM3_Init	56	static
../Core/Src/main.c:802:13:MX_USART2_UART_Init	8	static
../Core/Src/main.c:833:13:MX_DMA_Init	16	static
../Core/Src/main.c:854:13:MX_GPIO_Init	48	static
../Core/Src/main.c:889:6:EndEffWrite	24	static
../Core/Src/main.c:903:6:UARTInit	16	static
../Core/Src/main.c:914:6:UARTResetStart	16	static
../Core/Src/main.c:918:10:UARTGetRxHead	16	static
../Core/Src/main.c:922:9:UARTReadChar	32	static
../Core/Src/main.c:937:6:UARTTxDumpBuffer	24	static
../Core/Src/main.c:964:6:UARTTxWrite	32	static
../Core/Src/main.c:989:6:Protocal	48	static
../Core/Src/main.c:1259:9:CheckSumFunction	24	static
../Core/Src/main.c:1277:6:WriteACK1	16	static
../Core/Src/main.c:1284:6:WriteACK2	16	static
../Core/Src/main.c:1291:6:SetHome	16	static
../Core/Src/main.c:1330:6:Trajec	56	static
../Core/Src/main.c:1412:6:PIDinit	4	static
../Core/Src/main.c:1427:6:PID	24	static
../Core/Src/main.c:1459:6:SecondPID	24	static
../Core/Src/main.c:1495:7:Velocity	24	static
../Core/Src/main.c:1504:6:PWMgeneration	8	static
../Core/Src/main.c:1526:7:EncoderVelocity_Update	48	static
../Core/Src/main.c:1562:6:HAL_TIM_PeriodElapsedCallback	24	static
../Core/Src/main.c:1569:10:micros	12	static
../Core/Src/main.c:1580:6:Error_Handler	4	static,ignoring_inline_asm
