../Core/Src/main.c:224:5:main	24	static
../Core/Src/main.c:402:6:SystemClock_Config	88	static
../Core/Src/main.c:447:13:MX_I2C1_Init	8	static
../Core/Src/main.c:481:13:MX_TIM1_Init	96	static
../Core/Src/main.c:560:13:MX_TIM2_Init	32	static
../Core/Src/main.c:605:13:MX_TIM3_Init	56	static
../Core/Src/main.c:654:13:MX_USART2_UART_Init	8	static
../Core/Src/main.c:685:13:MX_DMA_Init	16	static
../Core/Src/main.c:706:13:MX_GPIO_Init	48	static
../Core/Src/main.c:741:6:EndEffWrite	24	static
../Core/Src/main.c:758:6:UARTInit	16	static
../Core/Src/main.c:769:6:UARTResetStart	16	static
../Core/Src/main.c:773:10:UARTGetRxHead	16	static
../Core/Src/main.c:777:9:UARTReadChar	32	static
../Core/Src/main.c:792:6:UARTTxDumpBuffer	24	static
../Core/Src/main.c:819:6:UARTTxWrite	32	static
../Core/Src/main.c:844:6:Protocal	32	static
../Core/Src/main.c:1240:9:CheckSumFunction	24	static
../Core/Src/main.c:1258:6:WriteACK1	16	static
../Core/Src/main.c:1265:6:WriteACK2	16	static
../Core/Src/main.c:1272:6:SetHome	16	static
../Core/Src/main.c:1307:6:Trajec	56	static
../Core/Src/main.c:1406:6:PIDinit	4	static
../Core/Src/main.c:1421:6:PID	24	static
../Core/Src/main.c:1520:7:Velocity	24	static
../Core/Src/main.c:1529:6:PWMgeneration	8	static
../Core/Src/main.c:1551:7:EncoderVelocity_Update	48	static
../Core/Src/main.c:1587:6:HAL_TIM_PeriodElapsedCallback	24	static
../Core/Src/main.c:1594:10:micros	12	static
../Core/Src/main.c:1605:6:Error_Handler	4	static,ignoring_inline_asm
