main.c:91:5:main	8	static
main.c:153:6:SystemClock_Config	88	static
main.c:198:13:MX_TIM1_Init	96	static
main.c:281:13:MX_TIM2_Init	32	static
main.c:326:13:MX_TIM3_Init	56	static
main.c:375:13:MX_USART2_UART_Init	8	static
main.c:408:13:MX_GPIO_Init	48	static
main.c:438:6:PID	32	static
main.c:462:7:Velocity	24	static
main.c:471:6:PWMgeneration	4	static
main.c:511:7:EncoderVelocity_Update	48	static
main.c:547:6:HAL_TIM_PeriodElapsedCallback	24	static
main.c:554:10:micros	12	static
main.c:565:6:Error_Handler	4	static,ignoring_inline_asm
