../Core/Src/main.c:222:5:main	40	static
../Core/Src/main.c:476:6:SystemClock_Config	88	static
../Core/Src/main.c:521:13:MX_I2C1_Init	8	static
../Core/Src/main.c:555:13:MX_TIM1_Init	96	static
../Core/Src/main.c:634:13:MX_TIM2_Init	32	static
../Core/Src/main.c:679:13:MX_TIM3_Init	56	static
../Core/Src/main.c:728:13:MX_USART2_UART_Init	8	static
../Core/Src/main.c:759:13:MX_DMA_Init	16	static
../Core/Src/main.c:780:13:MX_GPIO_Init	48	static
../Core/Src/main.c:815:6:EndEffWrite	24	static
../Core/Src/main.c:832:6:UARTInit	16	static
../Core/Src/main.c:843:6:UARTResetStart	16	static
../Core/Src/main.c:847:10:UARTGetRxHead	16	static
../Core/Src/main.c:851:9:UARTReadChar	32	static
../Core/Src/main.c:866:6:UARTTxDumpBuffer	24	static
../Core/Src/main.c:893:6:UARTTxWrite	32	static
../Core/Src/main.c:918:6:Protocal	40	static
../Core/Src/main.c:1163:9:CheckSumFunction	24	static
../Core/Src/main.c:1181:6:WriteACK1	16	static
../Core/Src/main.c:1188:6:WriteACK2	16	static
../Core/Src/main.c:1195:6:SetHome	16	static
../Core/Src/main.c:1231:6:Trajec	56	static
../Core/Src/main.c:1333:6:PIDinit	4	static
../Core/Src/main.c:1348:6:PID	24	static
../Core/Src/main.c:1380:6:SecondPID	16	static
../Core/Src/main.c:1478:7:Velocity	24	static
../Core/Src/main.c:1487:6:PWMgeneration	8	static
../Core/Src/main.c:1509:7:EncoderVelocity_Update	48	static
../Core/Src/main.c:1545:6:HAL_TIM_PeriodElapsedCallback	24	static
../Core/Src/main.c:1552:10:micros	12	static
../Core/Src/main.c:1563:6:Error_Handler	4	static,ignoring_inline_asm
