../Core/Src/main.c:229:5:main	24	static
../Core/Src/main.c:376:6:SystemClock_Config	88	static
../Core/Src/main.c:421:13:MX_I2C1_Init	8	static
../Core/Src/main.c:455:13:MX_TIM1_Init	96	static
../Core/Src/main.c:534:13:MX_TIM2_Init	32	static
../Core/Src/main.c:579:13:MX_TIM3_Init	56	static
../Core/Src/main.c:628:13:MX_USART2_UART_Init	8	static
../Core/Src/main.c:659:13:MX_DMA_Init	16	static
../Core/Src/main.c:680:13:MX_GPIO_Init	48	static
../Core/Src/main.c:715:6:EndEffWrite	24	static
../Core/Src/main.c:732:6:UARTInit	16	static
../Core/Src/main.c:743:6:UARTResetStart	16	static
../Core/Src/main.c:747:10:UARTGetRxHead	16	static
../Core/Src/main.c:751:9:UARTReadChar	32	static
../Core/Src/main.c:766:6:UARTTxDumpBuffer	24	static
../Core/Src/main.c:793:6:UARTTxWrite	32	static
../Core/Src/main.c:818:6:Protocal	24	static
../Core/Src/main.c:1160:9:CheckSumFunction	24	static
../Core/Src/main.c:1177:6:SetHome	16	static
../Core/Src/main.c:1212:6:Trajec	56	static
../Core/Src/main.c:1294:6:PIDinit	4	static
../Core/Src/main.c:1309:6:PID	24	static
../Core/Src/main.c:1408:7:Velocity	24	static
../Core/Src/main.c:1417:6:PWMgeneration	8	static
../Core/Src/main.c:1439:7:EncoderVelocity_Update	48	static
../Core/Src/main.c:1475:6:HAL_TIM_PeriodElapsedCallback	24	static
../Core/Src/main.c:1482:10:micros	12	static
../Core/Src/main.c:1493:6:Error_Handler	4	static,ignoring_inline_asm
