main.c:107:5:main	16	static
main.c:200:6:SystemClock_Config	88	static
main.c:245:13:MX_TIM1_Init	96	static
main.c:328:13:MX_TIM2_Init	32	static
main.c:373:13:MX_TIM3_Init	56	static
main.c:422:13:MX_USART2_UART_Init	8	static
main.c:455:13:MX_GPIO_Init	48	static
main.c:491:6:SetHome	8	static
main.c:527:6:Trajectory	16	static
main.c:553:6:PIDinit	4	static
main.c:568:6:PID	48	static
main.c:635:7:Velocity	24	static
main.c:644:6:PWMgeneration	8	static
main.c:670:7:EncoderVelocity_Update	48	static
main.c:706:6:HAL_TIM_PeriodElapsedCallback	24	static
main.c:713:10:micros	12	static
main.c:724:6:Error_Handler	4	static,ignoring_inline_asm
