main.c:93:5:main	8	static
main.c:155:6:SystemClock_Config	88	static
main.c:200:13:MX_TIM1_Init	96	static
main.c:283:13:MX_TIM2_Init	32	static
main.c:328:13:MX_TIM3_Init	56	static
main.c:377:13:MX_USART2_UART_Init	8	static
main.c:410:13:MX_GPIO_Init	48	static
main.c:440:6:PID	40	static
main.c:496:7:Velocity	24	static
main.c:505:6:PWMgeneration	4	static
main.c:545:7:EncoderVelocity_Update	48	static
main.c:581:6:HAL_TIM_PeriodElapsedCallback	24	static
main.c:588:10:micros	12	static
main.c:599:6:Error_Handler	4	static,ignoring_inline_asm
