main.c:84:5:main	8	static
main.c:146:6:SystemClock_Config	88	static
main.c:191:13:MX_TIM1_Init	96	static
main.c:274:13:MX_TIM2_Init	32	static
main.c:319:13:MX_TIM3_Init	56	static
main.c:368:13:MX_USART2_UART_Init	8	static
main.c:401:13:MX_GPIO_Init	48	static
main.c:431:7:Velocity	24	static
main.c:440:6:PWMgeneration	16	static
main.c:472:7:EncoderVelocity_Update	48	static
main.c:508:6:HAL_TIM_PeriodElapsedCallback	24	static
main.c:515:10:micros	12	static
main.c:526:6:Error_Handler	4	static,ignoring_inline_asm
