../Core/Src/main.c:256:5:main	72	static
../Core/Src/main.c:594:6:SystemClock_Config	88	static
../Core/Src/main.c:639:13:MX_I2C1_Init	8	static
../Core/Src/main.c:673:13:MX_TIM1_Init	96	static
../Core/Src/main.c:752:13:MX_TIM2_Init	32	static
../Core/Src/main.c:797:13:MX_TIM3_Init	56	static
../Core/Src/main.c:846:13:MX_USART2_UART_Init	8	static
../Core/Src/main.c:877:13:MX_DMA_Init	16	static
../Core/Src/main.c:898:13:MX_GPIO_Init	48	static
../Core/Src/main.c:933:6:EndEffWrite	24	static
../Core/Src/main.c:947:6:UARTInit	16	static
../Core/Src/main.c:958:6:UARTResetStart	16	static
../Core/Src/main.c:962:10:UARTGetRxHead	16	static
../Core/Src/main.c:966:9:UARTReadChar	32	static
../Core/Src/main.c:981:6:UARTTxDumpBuffer	24	static
../Core/Src/main.c:1008:6:UARTTxWrite	32	static
../Core/Src/main.c:1033:6:Protocal	48	static
../Core/Src/main.c:1303:9:CheckSumFunction	24	static
../Core/Src/main.c:1321:6:WriteACK1	16	static
../Core/Src/main.c:1328:6:WriteACK2	16	static
../Core/Src/main.c:1335:6:SetHome	16	static
../Core/Src/main.c:1387:6:Trajec	56	static
../Core/Src/main.c:1470:6:PIDinit	4	static
../Core/Src/main.c:1481:6:PID	24	static
../Core/Src/main.c:1513:6:SecondPID	24	static
../Core/Src/main.c:1548:7:Acceleration	24	static
../Core/Src/main.c:1557:7:Velocity	24	static
../Core/Src/main.c:1566:6:PWMgeneration	8	static
../Core/Src/main.c:1588:7:EncoderAcceleration_Update	56	static
../Core/Src/main.c:1614:7:EncoderVelocity_Update	48	static
../Core/Src/main.c:1650:6:HAL_TIM_PeriodElapsedCallback	24	static
../Core/Src/main.c:1657:10:micros	12	static
../Core/Src/main.c:1668:6:Error_Handler	4	static,ignoring_inline_asm
