main.c:212:5:main	24	static
main.c:366:6:SystemClock_Config	88	static
main.c:411:13:MX_I2C1_Init	8	static
main.c:445:13:MX_TIM1_Init	96	static
main.c:524:13:MX_TIM2_Init	32	static
main.c:569:13:MX_TIM3_Init	56	static
main.c:618:13:MX_USART2_UART_Init	8	static
main.c:649:13:MX_DMA_Init	16	static
main.c:670:13:MX_GPIO_Init	48	static
main.c:705:6:EndEffWrite	24	static
main.c:723:6:UARTInit	16	static
main.c:732:6:UARTResetStart	16	static
main.c:736:10:UARTGetRxHead	16	static
main.c:740:9:UARTReadChar	32	static
main.c:755:6:UARTTxDumpBuffer	24	static
main.c:782:6:UARTTxWrite	32	static
main.c:1083:10:CheckSum	24	static
main.c:1101:6:SetHome	16	static
main.c:1139:6:Trajec	56	static
main.c:1221:6:PIDinit	4	static
main.c:1236:6:PID	24	static
main.c:1335:7:Velocity	24	static
main.c:1344:6:PWMgeneration	8	static
main.c:1366:7:EncoderVelocity_Update	48	static
main.c:1402:6:HAL_TIM_PeriodElapsedCallback	24	static
main.c:1409:10:micros	12	static
main.c:1420:6:Error_Handler	4	static,ignoring_inline_asm
