main.c:95:5:main	8	static
main.c:177:6:SystemClock_Config	88	static
main.c:222:13:MX_TIM1_Init	96	static
main.c:305:13:MX_TIM2_Init	32	static
main.c:350:13:MX_TIM3_Init	56	static
main.c:399:13:MX_USART2_UART_Init	8	static
main.c:432:13:MX_GPIO_Init	48	static
main.c:461:6:Trajectory	16	static
main.c:487:6:PIDinit	4	static
main.c:498:6:PID	48	static
main.c:561:7:Velocity	24	static
main.c:570:6:PWMgeneration	8	static
main.c:596:7:EncoderVelocity_Update	48	static
main.c:632:6:HAL_TIM_PeriodElapsedCallback	24	static
main.c:639:10:micros	12	static
main.c:650:6:Error_Handler	4	static,ignoring_inline_asm
