main.c:184:5:main	16	static
main.c:322:6:SystemClock_Config	88	static
main.c:367:13:MX_I2C1_Init	8	static
main.c:401:13:MX_TIM1_Init	96	static
main.c:480:13:MX_TIM2_Init	32	static
main.c:525:13:MX_TIM3_Init	56	static
main.c:574:13:MX_USART2_UART_Init	8	static
main.c:605:13:MX_DMA_Init	16	static
main.c:626:13:MX_GPIO_Init	48	static
main.c:661:6:EndEffWrite	8	static
main.c:671:6:GoToGoal	16	static
main.c:675:6:SetHome	16	static
main.c:712:6:FirstTraj	56	static
main.c:794:6:PIDinit	4	static
main.c:809:6:PID	24	static
main.c:908:7:Velocity	24	static
main.c:917:6:PWMgeneration	8	static
main.c:939:7:EncoderVelocity_Update	48	static
main.c:975:6:HAL_TIM_PeriodElapsedCallback	24	static
main.c:982:10:micros	12	static
main.c:993:6:Error_Handler	4	static,ignoring_inline_asm
