main.c:115:5:main	16	static
main.c:212:6:SystemClock_Config	88	static
main.c:257:13:MX_I2C1_Init	8	static
main.c:291:13:MX_TIM1_Init	96	static
main.c:374:13:MX_TIM2_Init	32	static
main.c:419:13:MX_TIM3_Init	56	static
main.c:468:13:MX_USART2_UART_Init	8	static
main.c:501:13:MX_GPIO_Init	48	static
main.c:536:6:EndEffRead	8	static
main.c:540:6:EndEffWrite	8	static
main.c:550:6:SetHome	8	static
main.c:613:6:PIDinit	4	static
main.c:628:6:PID	48	static
main.c:695:7:Velocity	24	static
main.c:704:6:PWMgeneration	8	static
main.c:730:7:EncoderVelocity_Update	48	static
main.c:766:6:HAL_TIM_PeriodElapsedCallback	24	static
main.c:773:10:micros	12	static
main.c:784:6:Error_Handler	4	static,ignoring_inline_asm
