../Core/Src/main.c:256:5:main	72	static
../Core/Src/main.c:582:6:SystemClock_Config	88	static
../Core/Src/main.c:627:13:MX_I2C1_Init	8	static
../Core/Src/main.c:661:13:MX_TIM1_Init	96	static
../Core/Src/main.c:740:13:MX_TIM2_Init	32	static
../Core/Src/main.c:785:13:MX_TIM3_Init	56	static
../Core/Src/main.c:834:13:MX_USART2_UART_Init	8	static
../Core/Src/main.c:865:13:MX_DMA_Init	16	static
../Core/Src/main.c:886:13:MX_GPIO_Init	48	static
../Core/Src/main.c:921:6:EndEffWrite	24	static
../Core/Src/main.c:935:6:UARTInit	16	static
../Core/Src/main.c:946:6:UARTResetStart	16	static
../Core/Src/main.c:950:10:UARTGetRxHead	16	static
../Core/Src/main.c:954:9:UARTReadChar	32	static
../Core/Src/main.c:969:6:UARTTxDumpBuffer	24	static
../Core/Src/main.c:996:6:UARTTxWrite	32	static
../Core/Src/main.c:1021:6:Protocal	48	static
../Core/Src/main.c:1291:9:CheckSumFunction	24	static
../Core/Src/main.c:1309:6:WriteACK1	16	static
../Core/Src/main.c:1316:6:WriteACK2	16	static
../Core/Src/main.c:1323:6:SetHome	16	static
../Core/Src/main.c:1375:6:Trajec	56	static
../Core/Src/main.c:1457:6:PIDinit	4	static
../Core/Src/main.c:1468:6:PID	24	static
../Core/Src/main.c:1500:6:SecondPID	24	static
../Core/Src/main.c:1535:7:Acceleration	24	static
../Core/Src/main.c:1544:7:Velocity	24	static
../Core/Src/main.c:1553:6:PWMgeneration	8	static
../Core/Src/main.c:1575:7:EncoderAcceleration_Update	56	static
../Core/Src/main.c:1601:7:EncoderVelocity_Update	48	static
../Core/Src/main.c:1637:6:HAL_TIM_PeriodElapsedCallback	24	static
../Core/Src/main.c:1644:10:micros	12	static
../Core/Src/main.c:1655:6:Error_Handler	4	static,ignoring_inline_asm
