../Core/Src/main.c:232:5:main	48	static
../Core/Src/main.c:520:6:SystemClock_Config	88	static
../Core/Src/main.c:565:13:MX_I2C1_Init	8	static
../Core/Src/main.c:599:13:MX_TIM1_Init	96	static
../Core/Src/main.c:678:13:MX_TIM2_Init	32	static
../Core/Src/main.c:723:13:MX_TIM3_Init	56	static
../Core/Src/main.c:772:13:MX_USART2_UART_Init	8	static
../Core/Src/main.c:803:13:MX_DMA_Init	16	static
../Core/Src/main.c:824:13:MX_GPIO_Init	48	static
../Core/Src/main.c:859:6:EndEffWrite	24	static
../Core/Src/main.c:872:6:UARTInit	16	static
../Core/Src/main.c:883:6:UARTResetStart	16	static
../Core/Src/main.c:887:10:UARTGetRxHead	16	static
../Core/Src/main.c:891:9:UARTReadChar	32	static
../Core/Src/main.c:906:6:UARTTxDumpBuffer	24	static
../Core/Src/main.c:933:6:UARTTxWrite	32	static
../Core/Src/main.c:958:6:Protocal	40	static
../Core/Src/main.c:1202:9:CheckSumFunction	24	static
../Core/Src/main.c:1220:6:WriteACK1	16	static
../Core/Src/main.c:1227:6:WriteACK2	16	static
../Core/Src/main.c:1234:6:SetHome	16	static
../Core/Src/main.c:1273:6:Trajec	56	static
../Core/Src/main.c:1355:6:PIDinit	4	static
../Core/Src/main.c:1370:6:PID	24	static
../Core/Src/main.c:1402:6:SecondPID	24	static
../Core/Src/main.c:1438:7:Velocity	24	static
../Core/Src/main.c:1447:6:PWMgeneration	8	static
../Core/Src/main.c:1469:7:EncoderVelocity_Update	48	static
../Core/Src/main.c:1505:6:HAL_TIM_PeriodElapsedCallback	24	static
../Core/Src/main.c:1512:10:micros	12	static
../Core/Src/main.c:1523:6:Error_Handler	4	static,ignoring_inline_asm
