Archive member included to satisfy reference by file (symbol)

c:/st/stm32cubeide_1.8.0/stm32cubeide/plugins/com.st.stm32cube.ide.mcu.externaltools.gnu-tools-for-stm32.10.3-2021.10.win32_1.0.0.202111181127/tools/bin/../lib/gcc/arm-none-eabi/10.3.1/../../../../arm-none-eabi/lib/thumb/v7e-m+fp/hard\libc_nano.a(lib_a-calloc.o)
                              ./Core/Src/main.o (calloc)
c:/st/stm32cubeide_1.8.0/stm32cubeide/plugins/com.st.stm32cube.ide.mcu.externaltools.gnu-tools-for-stm32.10.3-2021.10.win32_1.0.0.202111181127/tools/bin/../lib/gcc/arm-none-eabi/10.3.1/../../../../arm-none-eabi/lib/thumb/v7e-m+fp/hard\libc_nano.a(lib_a-errno.o)
                              ./Core/Src/syscalls.o (__errno)
c:/st/stm32cubeide_1.8.0/stm32cubeide/plugins/com.st.stm32cube.ide.mcu.externaltools.gnu-tools-for-stm32.10.3-2021.10.win32_1.0.0.202111181127/tools/bin/../lib/gcc/arm-none-eabi/10.3.1/../../../../arm-none-eabi/lib/thumb/v7e-m+fp/hard\libc_nano.a(lib_a-exit.o)
                              c:/st/stm32cubeide_1.8.0/stm32cubeide/plugins/com.st.stm32cube.ide.mcu.externaltools.gnu-tools-for-stm32.10.3-2021.10.win32_1.0.0.202111181127/tools/bin/../lib/gcc/arm-none-eabi/10.3.1/../../../../arm-none-eabi/lib/thumb/v7e-m+fp/hard/crt0.o (exit)
c:/st/stm32cubeide_1.8.0/stm32cubeide/plugins/com.st.stm32cube.ide.mcu.externaltools.gnu-tools-for-stm32.10.3-2021.10.win32_1.0.0.202111181127/tools/bin/../lib/gcc/arm-none-eabi/10.3.1/../../../../arm-none-eabi/lib/thumb/v7e-m+fp/hard\libc_nano.a(lib_a-impure.o)
                              c:/st/stm32cubeide_1.8.0/stm32cubeide/plugins/com.st.stm32cube.ide.mcu.externaltools.gnu-tools-for-stm32.10.3-2021.10.win32_1.0.0.202111181127/tools/bin/../lib/gcc/arm-none-eabi/10.3.1/../../../../arm-none-eabi/lib/thumb/v7e-m+fp/hard\libc_nano.a(lib_a-exit.o) (_global_impure_ptr)
c:/st/stm32cubeide_1.8.0/stm32cubeide/plugins/com.st.stm32cube.ide.mcu.externaltools.gnu-tools-for-stm32.10.3-2021.10.win32_1.0.0.202111181127/tools/bin/../lib/gcc/arm-none-eabi/10.3.1/../../../../arm-none-eabi/lib/thumb/v7e-m+fp/hard\libc_nano.a(lib_a-init.o)
                              c:/st/stm32cubeide_1.8.0/stm32cubeide/plugins/com.st.stm32cube.ide.mcu.externaltools.gnu-tools-for-stm32.10.3-2021.10.win32_1.0.0.202111181127/tools/bin/../lib/gcc/arm-none-eabi/10.3.1/../../../../arm-none-eabi/lib/thumb/v7e-m+fp/hard/crt0.o (__libc_init_array)
c:/st/stm32cubeide_1.8.0/stm32cubeide/plugins/com.st.stm32cube.ide.mcu.externaltools.gnu-tools-for-stm32.10.3-2021.10.win32_1.0.0.202111181127/tools/bin/../lib/gcc/arm-none-eabi/10.3.1/../../../../arm-none-eabi/lib/thumb/v7e-m+fp/hard\libc_nano.a(lib_a-memcpy-stub.o)
                              ./Core/Src/main.o (memcpy)
c:/st/stm32cubeide_1.8.0/stm32cubeide/plugins/com.st.stm32cube.ide.mcu.externaltools.gnu-tools-for-stm32.10.3-2021.10.win32_1.0.0.202111181127/tools/bin/../lib/gcc/arm-none-eabi/10.3.1/../../../../arm-none-eabi/lib/thumb/v7e-m+fp/hard\libc_nano.a(lib_a-memset.o)
                              c:/st/stm32cubeide_1.8.0/stm32cubeide/plugins/com.st.stm32cube.ide.mcu.externaltools.gnu-tools-for-stm32.10.3-2021.10.win32_1.0.0.202111181127/tools/bin/../lib/gcc/arm-none-eabi/10.3.1/../../../../arm-none-eabi/lib/thumb/v7e-m+fp/hard/crt0.o (memset)
c:/st/stm32cubeide_1.8.0/stm32cubeide/plugins/com.st.stm32cube.ide.mcu.externaltools.gnu-tools-for-stm32.10.3-2021.10.win32_1.0.0.202111181127/tools/bin/../lib/gcc/arm-none-eabi/10.3.1/../../../../arm-none-eabi/lib/thumb/v7e-m+fp/hard\libc_nano.a(lib_a-nano-callocr.o)
                              c:/st/stm32cubeide_1.8.0/stm32cubeide/plugins/com.st.stm32cube.ide.mcu.externaltools.gnu-tools-for-stm32.10.3-2021.10.win32_1.0.0.202111181127/tools/bin/../lib/gcc/arm-none-eabi/10.3.1/../../../../arm-none-eabi/lib/thumb/v7e-m+fp/hard\libc_nano.a(lib_a-calloc.o) (_calloc_r)
c:/st/stm32cubeide_1.8.0/stm32cubeide/plugins/com.st.stm32cube.ide.mcu.externaltools.gnu-tools-for-stm32.10.3-2021.10.win32_1.0.0.202111181127/tools/bin/../lib/gcc/arm-none-eabi/10.3.1/../../../../arm-none-eabi/lib/thumb/v7e-m+fp/hard\libc_nano.a(lib_a-nano-mallocr.o)
                              c:/st/stm32cubeide_1.8.0/stm32cubeide/plugins/com.st.stm32cube.ide.mcu.externaltools.gnu-tools-for-stm32.10.3-2021.10.win32_1.0.0.202111181127/tools/bin/../lib/gcc/arm-none-eabi/10.3.1/../../../../arm-none-eabi/lib/thumb/v7e-m+fp/hard\libc_nano.a(lib_a-nano-callocr.o) (_malloc_r)
c:/st/stm32cubeide_1.8.0/stm32cubeide/plugins/com.st.stm32cube.ide.mcu.externaltools.gnu-tools-for-stm32.10.3-2021.10.win32_1.0.0.202111181127/tools/bin/../lib/gcc/arm-none-eabi/10.3.1/../../../../arm-none-eabi/lib/thumb/v7e-m+fp/hard\libc_nano.a(lib_a-sbrkr.o)
                              c:/st/stm32cubeide_1.8.0/stm32cubeide/plugins/com.st.stm32cube.ide.mcu.externaltools.gnu-tools-for-stm32.10.3-2021.10.win32_1.0.0.202111181127/tools/bin/../lib/gcc/arm-none-eabi/10.3.1/../../../../arm-none-eabi/lib/thumb/v7e-m+fp/hard\libc_nano.a(lib_a-nano-mallocr.o) (_sbrk_r)
[...]
Memory Configuration

Name             Origin             Length             Attributes
RAM              0x0000000020000000 0x0000000000020000 xrw
FLASH            0x0000000008000000 0x0000000000080000 xr
*default*        0x0000000000000000 0xffffffffffffffff

Linker script and memory map

LOAD c:/st/stm32cubeide_1.8.0/stm32cubeide/plugins/com.st.stm32cube.ide.mcu.externaltools.gnu-tools-for-stm32.10.3-2021.10.win32_1.0.0.202111181127/tools/bin/../lib/gcc/arm-none-eabi/10.3.1/thumb/v7e-m+fp/hard/crti.o
LOAD c:/st/stm32cubeide_1.8.0/stm32cubeide/plugins/com.st.stm32cube.ide.mcu.externaltools.gnu-tools-for-stm32.10.3-2021.10.win32_1.0.0.202111181127/tools/bin/../lib/gcc/arm-none-eabi/10.3.1/thumb/v7e-m+fp/hard/crtbegin.o
LOAD c:/st/stm32cubeide_1.8.0/stm32cubeide/plugins/com.st.stm32cube.ide.mcu.externaltools.gnu-tools-for-stm32.10.3-2021.10.win32_1.0.0.202111181127/tools/bin/../lib/gcc/arm-none-eabi/10.3.1/../../../../arm-none-eabi/lib/thumb/v7e-m+fp/hard/crt0.o
LOAD ./Core/Src/main.o
LOAD ./Core/Src/stm32f4xx_hal_msp.o
LOAD ./Core/Src/stm32f4xx_it.o
LOAD ./Core/Src/syscalls.o
LOAD ./Core/Src/sysmem.o
LOAD ./Core/Src/system_stm32f4xx.o
LOAD ./Core/Startup/startup_stm32f411retx.o
LOAD ./Drivers/STM32F4xx_HAL_Driver/Src/stm32f4xx_hal.o
LOAD ./Drivers/STM32F4xx_HAL_Driver/Src/stm32f4xx_hal_cortex.o
LOAD ./Drivers/STM32F4xx_HAL_Driver/Src/stm32f4xx_hal_dma.o
LOAD ./Drivers/STM32F4xx_HAL_Driver/Src/stm32f4xx_hal_dma_ex.o
LOAD ./Drivers/STM32F4xx_HAL_Driver/Src/stm32f4xx_hal_exti.o
LOAD ./Drivers/STM32F4xx_HAL_Driver/Src/stm32f4xx_hal_flash.o
LOAD ./Drivers/STM32F4xx_HAL_Driver/Src/stm32f4xx_hal_flash_ex.o
LOAD ./Drivers/STM32F4xx_HAL_Driver/Src/stm32f4xx_hal_flash_ramfunc.o
LOAD ./Drivers/STM32F4xx_HAL_Driver/Src/stm32f4xx_hal_gpio.o
LOAD ./Drivers/STM32F4xx_HAL_Driver/Src/stm32f4xx_hal_i2c.o
LOAD ./Drivers/STM32F4xx_HAL_Driver/Src/stm32f4xx_hal_i2c_ex.o
LOAD ./Drivers/STM32F4xx_HAL_Driver/Src/stm32f4xx_hal_pwr.o
LOAD ./Drivers/STM32F4xx_HAL_Driver/Src/stm32f4xx_hal_pwr_ex.o
LOAD ./Drivers/STM32F4xx_HAL_Driver/Src/stm32f4xx_hal_rcc.o
LOAD ./Drivers/STM32F4xx_HAL_Driver/Src/stm32f4xx_hal_rcc_ex.o
LOAD ./Drivers/STM32F4xx_HAL_Driver/Src/stm32f4xx_hal_tim.o
LOAD ./Drivers/STM32F4xx_HAL_Driver/Src/stm32f4xx_hal_tim_ex.o
LOAD ./Drivers/STM32F4xx_HAL_Driver/Src/stm32f4xx_hal_uart.o
START GROUP
LOAD c:/st/stm32cubeide_1.8.0/stm32cubeide/plugins/com.st.stm32cube.ide.mcu.externaltools.gnu-tools-for-stm32.10.3-2021.10.win32_1.0.0.202111181127/tools/bin/../lib/gcc/arm-none-eabi/10.3.1/../../../../arm-none-eabi/lib/thumb/v7e-m+fp/hard\libc_nano.a
LOAD c:/st/stm32cubeide_1.8.0/stm32cubeide/plugins/com.st.stm32cube.ide.mcu.externaltools.gnu-tools-for-stm32.10.3-2021.10.win32_1.0.0.202111181127/tools/bin/../lib/gcc/arm-none-eabi/10.3.1/../../../../arm-none-eabi/lib/thumb/v7e-m+fp/hard\libm.a
END GROUP
START GROUP
LOAD c:/st/stm32cubeide_1.8.0/stm32cubeide/plugins/com.st.stm32cube.ide.mcu.externaltools.gnu-tools-for-stm32.10.3-2021.10.win32_1.0.0.202111181127/tools/bin/../lib/gcc/arm-none-eabi/10.3.1/thumb/v7e-m+fp/hard\libgcc.a
LOAD c:/st/stm32cubeide_1.8.0/stm32cubeide/plugins/com.st.stm32cube.ide.mcu.externaltools.gnu-tools-for-stm32.10.3-2021.10.win32_1.0.0.202111181127/tools/bin/../lib/gcc/arm-none-eabi/10.3.1/../../../../arm-none-eabi/lib/thumb/v7e-m+fp/hard\libc_nano.a
END GROUP
START GROUP
LOAD c:/st/stm32cubeide_1.8.0/stm32cubeide/plugins/com.st.stm32cube.ide.mcu.externaltools.gnu-tools-for-stm32.10.3-2021.10.win32_1.0.0.202111181127/tools/bin/../lib/gcc/arm-none-eabi/10.3.1/thumb/v7e-m+fp/hard\libgcc.a
LOAD c:/st/stm32cubeide_1.8.0/stm32cubeide/plugins/com.st.stm32cube.ide.mcu.externaltools.gnu-tools-for-stm32.10.3-2021.10.win32_1.0.0.202111181127/tools/bin/../lib/gcc/arm-none-eabi/10.3.1/../../../../arm-none-eabi/lib/thumb/v7e-m+fp/hard\libc_nano.a
LOAD c:/st/stm32cubeide_1.8.0/stm32cubeide/plugins/com.st.stm32cube.ide.mcu.externaltools.gnu-tools-for-stm32.10.3-2021.10.win32_1.0.0.202111181127/tools/bin/../lib/gcc/arm-none-eabi/10.3.1/../../../../arm-none-eabi/lib/thumb/v7e-m+fp/hard\libnosys.a
END GROUP
START GROUP
LOAD c:/st/stm32cubeide_1.8.0/stm32cubeide/plugins/com.st.stm32cube.ide.mcu.externaltools.gnu-tools-for-stm32.10.3-2021.10.win32_1.0.0.202111181127/tools/bin/../lib/gcc/arm-none-eabi/10.3.1/thumb/v7e-m+fp/hard\libgcc.a
LOAD c:/st/stm32cubeide_1.8.0/stm32cubeide/plugins/com.st.stm32cube.ide.mcu.externaltools.gnu-tools-for-stm32.10.3-2021.10.win32_1.0.0.202111181127/tools/bin/../lib/gcc/arm-none-eabi/10.3.1/../../../../arm-none-eabi/lib/thumb/v7e-m+fp/hard\libc_nano.a
LOAD c:/st/stm32cubeide_1.8.0/stm32cubeide/plugins/com.st.stm32cube.ide.mcu.externaltools.gnu-tools-for-stm32.10.3-2021.10.win32_1.0.0.202111181127/tools/bin/../lib/gcc/arm-none-eabi/10.3.1/../../../../arm-none-eabi/lib/thumb/v7e-m+fp/hard\libnosys.a
END GROUP
LOAD c:/st/stm32cubeide_1.8.0/stm32cubeide/plugins/com.st.stm32cube.ide.mcu.externaltools.gnu-tools-for-stm32.10.3-2021.10.win32_1.0.0.202111181127/tools/bin/../lib/gcc/arm-none-eabi/10.3.1/thumb/v7e-m+fp/hard/crtend.o
LOAD c:/st/stm32cubeide_1.8.0/stm32cubeide/plugins/com.st.stm32cube.ide.mcu.externaltools.gnu-tools-for-stm32.10.3-2021.10.win32_1.0.0.202111181127/tools/bin/../lib/gcc/arm-none-eabi/10.3.1/thumb/v7e-m+fp/hard/crtn.o
                0x0000000020020000                _estack = (ORIGIN (RAM) + LENGTH (RAM))
                0x0000000000000200                _Min_Heap_Size = 0x200
                0x0000000000000400                _Min_Stack_Size = 0x400

.isr_vector     0x0000000008000000      0x198
                0x0000000008000000                . = ALIGN (0x4)
 *(.isr_vector)
 .isr_vector    0x0000000008000000      0x198 ./Core/Startup/startup_stm32f411retx.o
                0x0000000008000000                g_pfnVectors
                0x0000000008000198                . = ALIGN (0x4)

.text           0x0000000008000198     0x8854
                0x0000000008000198                . = ALIGN (0x4)
 *(.text)
 .text          0x0000000008000198       0x40 c:/st/stm32cubeide_1.8.0/stm32cubeide/plugins/com.st.stm32cube.ide.mcu.externaltools.gnu-tools-for-stm32.10.3-2021.10.win32_1.0.0.202111181127/tools/bin/../lib/gcc/arm-none-eabi/10.3.1/thumb/v7e-m+fp/hard/crtbegin.o
 .text          0x00000000080001d8      0x378 c:/st/stm32cubeide_1.8.0/stm32cubeide/plugins/com.st.stm32cube.ide.mcu.externaltools.gnu-tools-for-stm32.10.3-2021.10.win32_1.0.0.202111181127/tools/bin/../lib/gcc/arm-none-eabi/10.3.1/thumb/v7e-m+fp/hard\libgcc.a(_arm_addsubdf3.o)
                0x00000000080001d8                __aeabi_drsub
                0x00000000080001e0                __aeabi_dsub
                0x00000000080001e0                __subdf3
                0x00000000080001e4                __aeabi_dadd
                0x00000000080001e4                __adddf3
                0x000000000800045c                __floatunsidf
                0x000000000800045c                __aeabi_ui2d
                0x000000000800047c                __floatsidf
                0x000000000800047c                __aeabi_i2d
                0x00000000080004a0                __aeabi_f2d
                0x00000000080004a0                __extendsfdf2
                0x00000000080004e4                __floatundidf
                0x00000000080004e4                __aeabi_ul2d
                0x00000000080004f4                __floatdidf
                0x00000000080004f4                __aeabi_l2d
 .text          0x0000000008000550      0x424 c:/st/stm32cubeide_1.8.0/stm32cubeide/plugins/com.st.stm32cube.ide.mcu.externaltools.gnu-tools-for-stm32.10.3-2021.10.win32_1.0.0.202111181127/tools/bin/../lib/gcc/arm-none-eabi/10.3.1/thumb/v7e-m+fp/hard\libgcc.a(_arm_muldivdf3.o)
                0x0000000008000550                __aeabi_dmul
                0x0000000008000550                __muldf3
                0x00000000080007a4                __divdf3
                0x00000000080007a4                __aeabi_ddiv
 .text          0x0000000008000974      0x110 c:/st/stm32cubeide_1.8.0/stm32cubeide/plugins/com.st.stm32cube.ide.mcu.externaltools.gnu-tools-for-stm32.10.3-2021.10.win32_1.0.0.202111181127/tools/bin/../lib/gcc/arm-none-eabi/10.3.1/thumb/v7e-m+fp/hard\libgcc.a(_arm_cmpdf2.o)
                0x0000000008000974                __gtdf2
                0x0000000008000974                __gedf2
                0x000000000800097c                __ltdf2
                0x000000000800097c                __ledf2
                0x0000000008000984                __nedf2
                0x0000000008000984                __eqdf2
                0x0000000008000984                __cmpdf2
                0x0000000008000a00                __aeabi_cdrcmple
                0x0000000008000a10                __aeabi_cdcmpeq
                0x0000000008000a10                __aeabi_cdcmple
                0x0000000008000a20                __aeabi_dcmpeq
                0x0000000008000a34                __aeabi_dcmplt
                0x0000000008000a48                __aeabi_dcmple
                0x0000000008000a5c                __aeabi_dcmpge
                0x0000000008000a70                __aeabi_dcmpgt
 .text          0x0000000008000a84       0x2c c:/st/stm32cubeide_1.8.0/stm32cubeide/plugins/com.st.stm32cube.ide.mcu.externaltools.gnu-tools-for-stm32.10.3-2021.10.win32_1.0.0.202111181127/tools/bin/../lib/gcc/arm-none-eabi/10.3.1/thumb/v7e-m+fp/hard\libgcc.a(_arm_unorddf2.o)
                0x0000000008000a84                __unorddf2
                0x0000000008000a84                __aeabi_dcmpun
 .text          0x0000000008000ab0       0x50 c:/st/stm32cubeide_1.8.0/stm32cubeide/plugins/com.st.stm32cube.ide.mcu.externaltools.gnu-tools-for-stm32.10.3-2021.10.win32_1.0.0.202111181127/tools/bin/../lib/gcc/arm-none-eabi/10.3.1/thumb/v7e-m+fp/hard\libgcc.a(_arm_fixdfsi.o)
                0x0000000008000ab0                __aeabi_d2iz
                0x0000000008000ab0                __fixdfsi
 .text          0x0000000008000b00       0xa0 c:/st/stm32cubeide_1.8.0/stm32cubeide/plugins/com.st.stm32cube.ide.mcu.externaltools.gnu-tools-for-stm32.10.3-2021.10.win32_1.0.0.202111181127/tools/bin/../lib/gcc/arm-none-eabi/10.3.1/thumb/v7e-m+fp/hard\libgcc.a(_arm_truncdfsf2.o)
                0x0000000008000b00                __truncdfsf2
                0x0000000008000b00                __aeabi_d2f
 .text          0x0000000008000ba0      0x21c c:/st/stm32cubeide_1.8.0/stm32cubeide/plugins/com.st.stm32cube.ide.mcu.externaltools.gnu-tools-for-stm32.10.3-2021.10.win32_1.0.0.202111181127/tools/bin/../lib/gcc/arm-none-eabi/10.3.1/thumb/v7e-m+fp/hard\libgcc.a(_arm_addsubsf3.o)
                0x0000000008000ba0                __aeabi_frsub
                0x0000000008000ba8                __subsf3
                0x0000000008000ba8                __aeabi_fsub
                0x0000000008000bac                __aeabi_fadd
                0x0000000008000bac                __addsf3
                0x0000000008000d0c                __aeabi_ui2f
                0x0000000008000d0c                __floatunsisf
                0x0000000008000d14                __aeabi_i2f
                0x0000000008000d14                __floatsisf
                0x0000000008000d30                __aeabi_ul2f
                0x0000000008000d30                __floatundisf
                0x0000000008000d40                __aeabi_l2f
                0x0000000008000d40                __floatdisf
 .text          0x0000000008000dbc       0x30 c:/st/stm32cubeide_1.8.0/stm32cubeide/plugins/com.st.stm32cube.ide.mcu.externaltools.gnu-tools-for-stm32.10.3-2021.10.win32_1.0.0.202111181127/tools/bin/../lib/gcc/arm-none-eabi/10.3.1/thumb/v7e-m+fp/hard\libgcc.a(_aeabi_uldivmod.o)
                0x0000000008000dbc                __aeabi_uldivmod
 .text          0x0000000008000dec      0x2d0 c:/st/stm32cubeide_1.8.0/stm32cubeide/plugins/com.st.stm32cube.ide.mcu.externaltools.gnu-tools-for-stm32.10.3-2021.10.win32_1.0.0.202111181127/tools/bin/../lib/gcc/arm-none-eabi/10.3.1/thumb/v7e-m+fp/hard\libgcc.a(_udivmoddi4.o)
                0x0000000008000dec                __udivmoddi4
 .text          0x00000000080010bc        0x4 c:/st/stm32cubeide_1.8.0/stm32cubeide/plugins/com.st.stm32cube.ide.mcu.externaltools.gnu-tools-for-stm32.10.3-2021.10.win32_1.0.0.202111181127/tools/bin/../lib/gcc/arm-none-eabi/10.3.1/thumb/v7e-m+fp/hard\libgcc.a(_dvmd_tls.o)
                0x00000000080010bc                __aeabi_idiv0
                0x00000000080010bc                __aeabi_ldiv0
 *(.text*)
 .text.main     0x00000000080010c0      0xacc ./Core/Src/main.o
                0x00000000080010c0                main
 .text.SystemClock_Config
                0x0000000008001b8c       0xd0 ./Core/Src/main.o
                0x0000000008001b8c                SystemClock_Config
 .text.MX_I2C1_Init
                0x0000000008001c5c       0x5c ./Core/Src/main.o
 .text.MX_TIM1_Init
                0x0000000008001cb8      0x158 ./Core/Src/main.o
 .text.MX_TIM2_Init
                0x0000000008001e10       0x98 ./Core/Src/main.o
 .text.MX_TIM3_Init
                0x0000000008001ea8       0xa8 ./Core/Src/main.o
 .text.MX_USART2_UART_Init
                0x0000000008001f50       0x58 ./Core/Src/main.o
 .text.MX_DMA_Init
                0x0000000008001fa8       0x50 ./Core/Src/main.o
 .text.MX_GPIO_Init
                0x0000000008001ff8       0xf4 ./Core/Src/main.o
 .text.EndEffWrite
                0x00000000080020ec       0x64 ./Core/Src/main.o
                0x00000000080020ec                EndEffWrite
 .text.UARTInit
                0x0000000008002150       0x50 ./Core/Src/main.o
                0x0000000008002150                UARTInit
 .text.UARTResetStart
                0x00000000080021a0       0x22 ./Core/Src/main.o
                0x00000000080021a0                UARTResetStart
 .text.UARTGetRxHead
                0x00000000080021c2       0x26 ./Core/Src/main.o
                0x00000000080021c2                UARTGetRxHead
 .text.UARTReadChar
                0x00000000080021e8       0x54 ./Core/Src/main.o
                0x00000000080021e8                UARTReadChar
 .text.UARTTxDumpBuffer
                0x000000000800223c       0xa0 ./Core/Src/main.o
                0x000000000800223c                UARTTxDumpBuffer
 .text.UARTTxWrite
                0x00000000080022dc       0x90 ./Core/Src/main.o
                0x00000000080022dc                UARTTxWrite
 *fill*         0x000000000800236c        0x4 
 .text.Protocal
                0x0000000008002370      0x8c0 ./Core/Src/main.o
                0x0000000008002370                Protocal
 .text.CheckSumFunction
                0x0000000008002c30       0x5c ./Core/Src/main.o
                0x0000000008002c30                CheckSumFunction
 .text.WriteACK1
                0x0000000008002c8c       0x24 ./Core/Src/main.o
                0x0000000008002c8c                WriteACK1
 .text.WriteACK2
                0x0000000008002cb0       0x24 ./Core/Src/main.o
                0x0000000008002cb0                WriteACK2
 *fill*         0x0000000008002cd4        0x4 
 .text.SetHome  0x0000000008002cd8      0x1b0 ./Core/Src/main.o
                0x0000000008002cd8                SetHome
 .text.Trajec   0x0000000008002e88      0x808 ./Core/Src/main.o
                0x0000000008002e88                Trajec
 .text.PIDinit  0x0000000008003690       0x60 ./Core/Src/main.o
                0x0000000008003690                PIDinit
 .text.PID      0x00000000080036f0      0x170 ./Core/Src/main.o
                0x00000000080036f0                PID
 .text.Acceleration
                0x0000000008003860       0x94 ./Core/Src/main.o
                0x0000000008003860                Acceleration
 .text.Velocity
                0x00000000080038f4       0xc8 ./Core/Src/main.o
                0x00000000080038f4                Velocity
 .text.PWMgeneration
                0x00000000080039bc       0x54 ./Core/Src/main.o
                0x00000000080039bc                PWMgeneration
 .text.EncoderAcceleration_Update
                0x0000000008003a10       0xb0 ./Core/Src/main.o
                0x0000000008003a10                EncoderAcceleration_Update
 .text.EncoderVelocity_Update
                0x0000000008003ac0       0xa8 ./Core/Src/main.o
                0x0000000008003ac0                EncoderVelocity_Update
 .text.micros   0x0000000008003b68       0x34 ./Core/Src/main.o
                0x0000000008003b68                micros
 .text.Error_Handler
                0x0000000008003b9c        0xa ./Core/Src/main.o
                0x0000000008003b9c                Error_Handler
 *fill*         0x0000000008003ba6        0x2 
 .text.HAL_MspInit
                0x0000000008003ba8       0x50 ./Core/Src/stm32f4xx_hal_msp.o
                0x0000000008003ba8                HAL_MspInit
 .text.HAL_I2C_MspInit
                0x0000000008003bf8       0x90 ./Core/Src/stm32f4xx_hal_msp.o
                0x0000000008003bf8                HAL_I2C_MspInit
 .text.HAL_TIM_Base_MspInit
                0x0000000008003c88       0x6c ./Core/Src/stm32f4xx_hal_msp.o
                0x0000000008003c88                HAL_TIM_Base_MspInit
 .text.HAL_TIM_Encoder_MspInit
                0x0000000008003cf4       0x90 ./Core/Src/stm32f4xx_hal_msp.o
                0x0000000008003cf4                HAL_TIM_Encoder_MspInit
 .text.HAL_TIM_MspPostInit
                0x0000000008003d84       0x74 ./Core/Src/stm32f4xx_hal_msp.o
                0x0000000008003d84                HAL_TIM_MspPostInit
 .text.HAL_UART_MspInit
                0x0000000008003df8      0x16c ./Core/Src/stm32f4xx_hal_msp.o
                0x0000000008003df8                HAL_UART_MspInit
 .text.NMI_Handler
                0x0000000008003f64        0x6 ./Core/Src/stm32f4xx_it.o
                0x0000000008003f64                NMI_Handler
 .text.HardFault_Handler
                0x0000000008003f6a        0x6 ./Core/Src/stm32f4xx_it.o
                0x0000000008003f6a                HardFault_Handler
 .text.MemManage_Handler
                0x0000000008003f70        0x6 ./Core/Src/stm32f4xx_it.o
                0x0000000008003f70                MemManage_Handler
 .text.BusFault_Handler
                0x0000000008003f76        0x6 ./Core/Src/stm32f4xx_it.o
                0x0000000008003f76                BusFault_Handler
 .text.UsageFault_Handler
                0x0000000008003f7c        0x6 ./Core/Src/stm32f4xx_it.o
                0x0000000008003f7c                UsageFault_Handler
 .text.SVC_Handler
                0x0000000008003f82        0xe ./Core/Src/stm32f4xx_it.o
                0x0000000008003f82                SVC_Handler
 .text.DebugMon_Handler
                0x0000000008003f90        0xe ./Core/Src/stm32f4xx_it.o
                0x0000000008003f90                DebugMon_Handler
 .text.PendSV_Handler
                0x0000000008003f9e        0xe ./Core/Src/stm32f4xx_it.o
                0x0000000008003f9e                PendSV_Handler
 .text.SysTick_Handler
                0x0000000008003fac        0xc ./Core/Src/stm32f4xx_it.o
                0x0000000008003fac                SysTick_Handler
 .text.DMA1_Stream5_IRQHandler
                0x0000000008003fb8       0x14 ./Core/Src/stm32f4xx_it.o
                0x0000000008003fb8                DMA1_Stream5_IRQHandler
 .text.DMA1_Stream6_IRQHandler
                0x0000000008003fcc       0x14 ./Core/Src/stm32f4xx_it.o
                0x0000000008003fcc                DMA1_Stream6_IRQHandler
 .text.USART2_IRQHandler
                0x0000000008003fe0       0x14 ./Core/Src/stm32f4xx_it.o
                0x0000000008003fe0                USART2_IRQHandler
 .text._sbrk    0x0000000008003ff4       0x6c ./Core/Src/sysmem.o
                0x0000000008003ff4                _sbrk
 .text.SystemInit
                0x0000000008004060       0x24 ./Core/Src/system_stm32f4xx.o
                0x0000000008004060                SystemInit
 .text.Reset_Handler
                0x0000000008004084       0x50 ./Core/Startup/startup_stm32f411retx.o
                0x0000000008004084                Reset_Handler
 .text.Default_Handler
                0x00000000080040d4        0x2 ./Core/Startup/startup_stm32f411retx.o
                0x00000000080040d4                RTC_Alarm_IRQHandler
                0x00000000080040d4                EXTI2_IRQHandler
                0x00000000080040d4                SPI4_IRQHandler
                0x00000000080040d4                TIM1_CC_IRQHandler
                0x00000000080040d4                DMA2_Stream5_IRQHandler
                0x00000000080040d4                PVD_IRQHandler
                0x00000000080040d4                SDIO_IRQHandler
                0x00000000080040d4                TAMP_STAMP_IRQHandler
                0x00000000080040d4                EXTI3_IRQHandler
                0x00000000080040d4                TIM1_UP_TIM10_IRQHandler
                0x00000000080040d4                I2C3_ER_IRQHandler
                0x00000000080040d4                EXTI0_IRQHandler
                0x00000000080040d4                I2C2_EV_IRQHandler
                0x00000000080040d4                DMA1_Stream2_IRQHandler
                0x00000000080040d4                FPU_IRQHandler
                0x00000000080040d4                DMA2_Stream2_IRQHandler
                0x00000000080040d4                SPI1_IRQHandler
                0x00000000080040d4                TIM1_BRK_TIM9_IRQHandler
                0x00000000080040d4                DMA2_Stream3_IRQHandler
                0x00000000080040d4                USART6_IRQHandler
                0x00000000080040d4                DMA2_Stream0_IRQHandler
                0x00000000080040d4                TIM4_IRQHandler
                0x00000000080040d4                I2C1_EV_IRQHandler
                0x00000000080040d4                DMA1_Stream1_IRQHandler
                0x00000000080040d4                TIM3_IRQHandler
                0x00000000080040d4                RCC_IRQHandler
                0x00000000080040d4                Default_Handler
                0x00000000080040d4                EXTI15_10_IRQHandler
                0x00000000080040d4                ADC_IRQHandler
                0x00000000080040d4                DMA1_Stream7_IRQHandler
                0x00000000080040d4                SPI5_IRQHandler
                0x00000000080040d4                TIM5_IRQHandler
                0x00000000080040d4                DMA2_Stream7_IRQHandler
                0x00000000080040d4                I2C3_EV_IRQHandler
                0x00000000080040d4                EXTI9_5_IRQHandler
                0x00000000080040d4                RTC_WKUP_IRQHandler
                0x00000000080040d4                SPI2_IRQHandler
                0x00000000080040d4                DMA1_Stream0_IRQHandler
                0x00000000080040d4                EXTI4_IRQHandler
                0x00000000080040d4                WWDG_IRQHandler
                0x00000000080040d4                TIM2_IRQHandler
                0x00000000080040d4                OTG_FS_WKUP_IRQHandler
                0x00000000080040d4                TIM1_TRG_COM_TIM11_IRQHandler
                0x00000000080040d4                EXTI1_IRQHandler
                0x00000000080040d4                I2C2_ER_IRQHandler
                0x00000000080040d4                DMA2_Stream1_IRQHandler
                0x00000000080040d4                FLASH_IRQHandler
                0x00000000080040d4                DMA2_Stream4_IRQHandler
                0x00000000080040d4                USART1_IRQHandler
                0x00000000080040d4                OTG_FS_IRQHandler
                0x00000000080040d4                SPI3_IRQHandler
                0x00000000080040d4                DMA1_Stream4_IRQHandler
                0x00000000080040d4                I2C1_ER_IRQHandler
                0x00000000080040d4                DMA2_Stream6_IRQHandler
                0x00000000080040d4                DMA1_Stream3_IRQHandler
 *fill*         0x00000000080040d6        0x2 
 .text.HAL_Init
                0x00000000080040d8       0x44 ./Drivers/STM32F4xx_HAL_Driver/Src/stm32f4xx_hal.o
                0x00000000080040d8                HAL_Init
 .text.HAL_InitTick
                0x000000000800411c       0x60 ./Drivers/STM32F4xx_HAL_Driver/Src/stm32f4xx_hal.o
                0x000000000800411c                HAL_InitTick
 .text.HAL_IncTick
                0x000000000800417c       0x28 ./Drivers/STM32F4xx_HAL_Driver/Src/stm32f4xx_hal.o
                0x000000000800417c                HAL_IncTick
 .text.HAL_GetTick
                0x00000000080041a4       0x18 ./Drivers/STM32F4xx_HAL_Driver/Src/stm32f4xx_hal.o
                0x00000000080041a4                HAL_GetTick
 .text.HAL_Delay
                0x00000000080041bc       0x48 ./Drivers/STM32F4xx_HAL_Driver/Src/stm32f4xx_hal.o
                0x00000000080041bc                HAL_Delay
 .text.__NVIC_SetPriorityGrouping
                0x0000000008004204       0x48 ./Drivers/STM32F4xx_HAL_Driver/Src/stm32f4xx_hal_cortex.o
 .text.__NVIC_GetPriorityGrouping
                0x000000000800424c       0x1c ./Drivers/STM32F4xx_HAL_Driver/Src/stm32f4xx_hal_cortex.o
 .text.__NVIC_EnableIRQ
                0x0000000008004268       0x3c ./Drivers/STM32F4xx_HAL_Driver/Src/stm32f4xx_hal_cortex.o
 .text.__NVIC_SetPriority
                0x00000000080042a4       0x54 ./Drivers/STM32F4xx_HAL_Driver/Src/stm32f4xx_hal_cortex.o
 .text.NVIC_EncodePriority
                0x00000000080042f8       0x66 ./Drivers/STM32F4xx_HAL_Driver/Src/stm32f4xx_hal_cortex.o
 *fill*         0x000000000800435e        0x2 
 .text.SysTick_Config
                0x0000000008004360       0x44 ./Drivers/STM32F4xx_HAL_Driver/Src/stm32f4xx_hal_cortex.o
 .text.HAL_NVIC_SetPriorityGrouping
                0x00000000080043a4       0x16 ./Drivers/STM32F4xx_HAL_Driver/Src/stm32f4xx_hal_cortex.o
                0x00000000080043a4                HAL_NVIC_SetPriorityGrouping
 .text.HAL_NVIC_SetPriority
                0x00000000080043ba       0x38 ./Drivers/STM32F4xx_HAL_Driver/Src/stm32f4xx_hal_cortex.o
                0x00000000080043ba                HAL_NVIC_SetPriority
 .text.HAL_NVIC_EnableIRQ
                0x00000000080043f2       0x1c ./Drivers/STM32F4xx_HAL_Driver/Src/stm32f4xx_hal_cortex.o
                0x00000000080043f2                HAL_NVIC_EnableIRQ
 .text.HAL_SYSTICK_Config
                0x000000000800440e       0x18 ./Drivers/STM32F4xx_HAL_Driver/Src/stm32f4xx_hal_cortex.o
                0x000000000800440e                HAL_SYSTICK_Config
 *fill*         0x0000000008004426        0x2 
 .text.HAL_DMA_Init
                0x0000000008004428      0x15c ./Drivers/STM32F4xx_HAL_Driver/Src/stm32f4xx_hal_dma.o
                0x0000000008004428                HAL_DMA_Init
 .text.HAL_DMA_Start_IT
                0x0000000008004584       0xb0 ./Drivers/STM32F4xx_HAL_Driver/Src/stm32f4xx_hal_dma.o
                0x0000000008004584                HAL_DMA_Start_IT
 .text.HAL_DMA_Abort
                0x0000000008004634       0xe0 ./Drivers/STM32F4xx_HAL_Driver/Src/stm32f4xx_hal_dma.o
                0x0000000008004634                HAL_DMA_Abort
 .text.HAL_DMA_Abort_IT
                0x0000000008004714       0x44 ./Drivers/STM32F4xx_HAL_Driver/Src/stm32f4xx_hal_dma.o
                0x0000000008004714                HAL_DMA_Abort_IT
 .text.HAL_DMA_IRQHandler
                0x0000000008004758      0x314 ./Drivers/STM32F4xx_HAL_Driver/Src/stm32f4xx_hal_dma.o
                0x0000000008004758                HAL_DMA_IRQHandler
 .text.DMA_SetConfig
                0x0000000008004a6c       0x5c ./Drivers/STM32F4xx_HAL_Driver/Src/stm32f4xx_hal_dma.o
 .text.DMA_CalcBaseAndBitshift
                0x0000000008004ac8       0x6c ./Drivers/STM32F4xx_HAL_Driver/Src/stm32f4xx_hal_dma.o
 .text.DMA_CheckFifoParam
                0x0000000008004b34       0xf8 ./Drivers/STM32F4xx_HAL_Driver/Src/stm32f4xx_hal_dma.o
 .text.HAL_GPIO_Init
                0x0000000008004c2c      0x308 ./Drivers/STM32F4xx_HAL_Driver/Src/stm32f4xx_hal_gpio.o
                0x0000000008004c2c                HAL_GPIO_Init
 .text.HAL_GPIO_ReadPin
                0x0000000008004f34       0x30 ./Drivers/STM32F4xx_HAL_Driver/Src/stm32f4xx_hal_gpio.o
                0x0000000008004f34                HAL_GPIO_ReadPin
 .text.HAL_GPIO_WritePin
                0x0000000008004f64       0x32 ./Drivers/STM32F4xx_HAL_Driver/Src/stm32f4xx_hal_gpio.o
                0x0000000008004f64                HAL_GPIO_WritePin
 *fill*         0x0000000008004f96        0x2 
 .text.HAL_I2C_Init
                0x0000000008004f98      0x288 ./Drivers/STM32F4xx_HAL_Driver/Src/stm32f4xx_hal_i2c.o
                0x0000000008004f98                HAL_I2C_Init
 .text.HAL_I2C_Master_Transmit
                0x0000000008005220      0x1fc ./Drivers/STM32F4xx_HAL_Driver/Src/stm32f4xx_hal_i2c.o
                0x0000000008005220                HAL_I2C_Master_Transmit
 .text.I2C_MasterRequestWrite
                0x000000000800541c      0x104 ./Drivers/STM32F4xx_HAL_Driver/Src/stm32f4xx_hal_i2c.o
 .text.I2C_WaitOnFlagUntilTimeout
                0x0000000008005520       0xae ./Drivers/STM32F4xx_HAL_Driver/Src/stm32f4xx_hal_i2c.o
 .text.I2C_WaitOnMasterAddressFlagUntilTimeout
                0x00000000080055ce       0xfe ./Drivers/STM32F4xx_HAL_Driver/Src/stm32f4xx_hal_i2c.o
 .text.I2C_WaitOnTXEFlagUntilTimeout
                0x00000000080056cc       0x82 ./Drivers/STM32F4xx_HAL_Driver/Src/stm32f4xx_hal_i2c.o
 .text.I2C_WaitOnBTFFlagUntilTimeout
                0x000000000800574e       0x82 ./Drivers/STM32F4xx_HAL_Driver/Src/stm32f4xx_hal_i2c.o
 .text.I2C_IsAcknowledgeFailed
                0x00000000080057d0       0x5e ./Drivers/STM32F4xx_HAL_Driver/Src/stm32f4xx_hal_i2c.o
 *fill*         0x000000000800582e        0x2 
 .text.HAL_RCC_OscConfig
                0x0000000008005830      0x4f0 ./Drivers/STM32F4xx_HAL_Driver/Src/stm32f4xx_hal_rcc.o
                0x0000000008005830                HAL_RCC_OscConfig
 .text.HAL_RCC_ClockConfig
                0x0000000008005d20      0x1cc ./Drivers/STM32F4xx_HAL_Driver/Src/stm32f4xx_hal_rcc.o
                0x0000000008005d20                HAL_RCC_ClockConfig
 .text.HAL_RCC_GetSysClockFreq
                0x0000000008005eec      0x20c ./Drivers/STM32F4xx_HAL_Driver/Src/stm32f4xx_hal_rcc.o
                0x0000000008005eec                HAL_RCC_GetSysClockFreq
 .text.HAL_RCC_GetHCLKFreq
                0x00000000080060f8       0x18 ./Drivers/STM32F4xx_HAL_Driver/Src/stm32f4xx_hal_rcc.o
                0x00000000080060f8                HAL_RCC_GetHCLKFreq
 .text.HAL_RCC_GetPCLK1Freq
                0x0000000008006110       0x28 ./Drivers/STM32F4xx_HAL_Driver/Src/stm32f4xx_hal_rcc.o
                0x0000000008006110                HAL_RCC_GetPCLK1Freq
 .text.HAL_RCC_GetPCLK2Freq
                0x0000000008006138       0x28 ./Drivers/STM32F4xx_HAL_Driver/Src/stm32f4xx_hal_rcc.o
                0x0000000008006138                HAL_RCC_GetPCLK2Freq
 .text.HAL_TIM_Base_Init
                0x0000000008006160       0x9e ./Drivers/STM32F4xx_HAL_Driver/Src/stm32f4xx_hal_tim.o
                0x0000000008006160                HAL_TIM_Base_Init
 *fill*         0x00000000080061fe        0x2 
 .text.HAL_TIM_Base_Start
                0x0000000008006200       0xb4 ./Drivers/STM32F4xx_HAL_Driver/Src/stm32f4xx_hal_tim.o
                0x0000000008006200                HAL_TIM_Base_Start
 .text.HAL_TIM_Base_Start_IT
                0x00000000080062b4       0xc4 ./Drivers/STM32F4xx_HAL_Driver/Src/stm32f4xx_hal_tim.o
                0x00000000080062b4                HAL_TIM_Base_Start_IT
 .text.HAL_TIM_PWM_Init
                0x0000000008006378       0x9e ./Drivers/STM32F4xx_HAL_Driver/Src/stm32f4xx_hal_tim.o
                0x0000000008006378                HAL_TIM_PWM_Init
 .text.HAL_TIM_PWM_MspInit
                0x0000000008006416       0x14 ./Drivers/STM32F4xx_HAL_Driver/Src/stm32f4xx_hal_tim.o
                0x0000000008006416                HAL_TIM_PWM_MspInit
 *fill*         0x000000000800642a        0x2 
 .text.HAL_TIM_PWM_Start
                0x000000000800642c      0x160 ./Drivers/STM32F4xx_HAL_Driver/Src/stm32f4xx_hal_tim.o
                0x000000000800642c                HAL_TIM_PWM_Start
 .text.HAL_TIM_Encoder_Init
                0x000000000800658c      0x14c ./Drivers/STM32F4xx_HAL_Driver/Src/stm32f4xx_hal_tim.o
                0x000000000800658c                HAL_TIM_Encoder_Init
 .text.HAL_TIM_Encoder_Start
                0x00000000080066d8      0x11c ./Drivers/STM32F4xx_HAL_Driver/Src/stm32f4xx_hal_tim.o
                0x00000000080066d8                HAL_TIM_Encoder_Start
 .text.HAL_TIM_PWM_ConfigChannel
                0x00000000080067f4      0x184 ./Drivers/STM32F4xx_HAL_Driver/Src/stm32f4xx_hal_tim.o
                0x00000000080067f4                HAL_TIM_PWM_ConfigChannel
 .text.HAL_TIM_ConfigClockSource
                0x0000000008006978      0x18e ./Drivers/STM32F4xx_HAL_Driver/Src/stm32f4xx_hal_tim.o
                0x0000000008006978                HAL_TIM_ConfigClockSource
 *fill*         0x0000000008006b06        0x2 
 .text.TIM_Base_SetConfig
                0x0000000008006b08      0x100 ./Drivers/STM32F4xx_HAL_Driver/Src/stm32f4xx_hal_tim.o
                0x0000000008006b08                TIM_Base_SetConfig
 .text.TIM_OC1_SetConfig
                0x0000000008006c08       0xcc ./Drivers/STM32F4xx_HAL_Driver/Src/stm32f4xx_hal_tim.o
 .text.TIM_OC2_SetConfig
                0x0000000008006cd4       0xd8 ./Drivers/STM32F4xx_HAL_Driver/Src/stm32f4xx_hal_tim.o
                0x0000000008006cd4                TIM_OC2_SetConfig
 .text.TIM_OC3_SetConfig
                0x0000000008006dac       0xd4 ./Drivers/STM32F4xx_HAL_Driver/Src/stm32f4xx_hal_tim.o
 .text.TIM_OC4_SetConfig
                0x0000000008006e80       0xa0 ./Drivers/STM32F4xx_HAL_Driver/Src/stm32f4xx_hal_tim.o
 .text.TIM_TI1_ConfigInputStage
                0x0000000008006f20       0x5e ./Drivers/STM32F4xx_HAL_Driver/Src/stm32f4xx_hal_tim.o
 .text.TIM_TI2_ConfigInputStage
                0x0000000008006f7e       0x60 ./Drivers/STM32F4xx_HAL_Driver/Src/stm32f4xx_hal_tim.o
 .text.TIM_ITRx_SetConfig
                0x0000000008006fde       0x36 ./Drivers/STM32F4xx_HAL_Driver/Src/stm32f4xx_hal_tim.o
 .text.TIM_ETR_SetConfig
                0x0000000008007014       0x40 ./Drivers/STM32F4xx_HAL_Driver/Src/stm32f4xx_hal_tim.o
                0x0000000008007014                TIM_ETR_SetConfig
 .text.TIM_CCxChannelCmd
                0x0000000008007054       0x4a ./Drivers/STM32F4xx_HAL_Driver/Src/stm32f4xx_hal_tim.o
                0x0000000008007054                TIM_CCxChannelCmd
 *fill*         0x000000000800709e        0x2 
 .text.HAL_TIMEx_MasterConfigSynchronization
                0x00000000080070a0       0xdc ./Drivers/STM32F4xx_HAL_Driver/Src/stm32f4xx_hal_tim_ex.o
                0x00000000080070a0                HAL_TIMEx_MasterConfigSynchronization
 .text.HAL_TIMEx_ConfigBreakDeadTime
                0x000000000800717c       0xa4 ./Drivers/STM32F4xx_HAL_Driver/Src/stm32f4xx_hal_tim_ex.o
                0x000000000800717c                HAL_TIMEx_ConfigBreakDeadTime
 .text.HAL_UART_Init
                0x0000000008007220       0x9a ./Drivers/STM32F4xx_HAL_Driver/Src/stm32f4xx_hal_uart.o
                0x0000000008007220                HAL_UART_Init
 *fill*         0x00000000080072ba        0x2 
 .text.HAL_UART_Transmit_DMA
                0x00000000080072bc       0xfc ./Drivers/STM32F4xx_HAL_Driver/Src/stm32f4xx_hal_uart.o
                0x00000000080072bc                HAL_UART_Transmit_DMA
 .text.HAL_UART_Receive_DMA
                0x00000000080073b8       0x60 ./Drivers/STM32F4xx_HAL_Driver/Src/stm32f4xx_hal_uart.o
                0x00000000080073b8                HAL_UART_Receive_DMA
 .text.HAL_UART_IRQHandler
                0x0000000008007418      0x51c ./Drivers/STM32F4xx_HAL_Driver/Src/stm32f4xx_hal_uart.o
                0x0000000008007418                HAL_UART_IRQHandler
 .text.HAL_UART_TxCpltCallback
                0x0000000008007934       0x14 ./Drivers/STM32F4xx_HAL_Driver/Src/stm32f4xx_hal_uart.o
                0x0000000008007934                HAL_UART_TxCpltCallback
 .text.HAL_UART_TxHalfCpltCallback
                0x0000000008007948       0x14 ./Drivers/STM32F4xx_HAL_Driver/Src/stm32f4xx_hal_uart.o
                0x0000000008007948                HAL_UART_TxHalfCpltCallback
 .text.HAL_UART_RxCpltCallback
                0x000000000800795c       0x14 ./Drivers/STM32F4xx_HAL_Driver/Src/stm32f4xx_hal_uart.o
                0x000000000800795c                HAL_UART_RxCpltCallback
 .text.HAL_UART_RxHalfCpltCallback
                0x0000000008007970       0x14 ./Drivers/STM32F4xx_HAL_Driver/Src/stm32f4xx_hal_uart.o
                0x0000000008007970                HAL_UART_RxHalfCpltCallback
 .text.HAL_UART_ErrorCallback
                0x0000000008007984       0x14 ./Drivers/STM32F4xx_HAL_Driver/Src/stm32f4xx_hal_uart.o
                0x0000000008007984                HAL_UART_ErrorCallback
 .text.HAL_UARTEx_RxEventCallback
                0x0000000008007998       0x18 ./Drivers/STM32F4xx_HAL_Driver/Src/stm32f4xx_hal_uart.o
                0x0000000008007998                HAL_UARTEx_RxEventCallback
 .text.UART_DMATransmitCplt
                0x00000000080079b0       0x9a ./Drivers/STM32F4xx_HAL_Driver/Src/stm32f4xx_hal_uart.o
 .text.UART_DMATxHalfCplt
                0x0000000008007a4a       0x1c ./Drivers/STM32F4xx_HAL_Driver/Src/stm32f4xx_hal_uart.o
 .text.UART_DMAReceiveCplt
                0x0000000008007a66      0x126 ./Drivers/STM32F4xx_HAL_Driver/Src/stm32f4xx_hal_uart.o
 .text.UART_DMARxHalfCplt
                0x0000000008007b8c       0x36 ./Drivers/STM32F4xx_HAL_Driver/Src/stm32f4xx_hal_uart.o
 .text.UART_DMAError
                0x0000000008007bc2       0x94 ./Drivers/STM32F4xx_HAL_Driver/Src/stm32f4xx_hal_uart.o
 *fill*         0x0000000008007c56        0x2 
 .text.UART_Start_Receive_DMA
                0x0000000008007c58      0x134 ./Drivers/STM32F4xx_HAL_Driver/Src/stm32f4xx_hal_uart.o
                0x0000000008007c58                UART_Start_Receive_DMA
 .text.UART_EndTxTransfer
                0x0000000008007d8c       0x50 ./Drivers/STM32F4xx_HAL_Driver/Src/stm32f4xx_hal_uart.o
 .text.UART_EndRxTransfer
                0x0000000008007ddc       0xc6 ./Drivers/STM32F4xx_HAL_Driver/Src/stm32f4xx_hal_uart.o
 .text.UART_DMAAbortOnError
                0x0000000008007ea2       0x28 ./Drivers/STM32F4xx_HAL_Driver/Src/stm32f4xx_hal_uart.o
 .text.UART_Transmit_IT
                0x0000000008007eca       0xa0 ./Drivers/STM32F4xx_HAL_Driver/Src/stm32f4xx_hal_uart.o
 .text.UART_EndTransmit_IT
                0x0000000008007f6a       0x30 ./Drivers/STM32F4xx_HAL_Driver/Src/stm32f4xx_hal_uart.o
 .text.UART_Receive_IT
                0x0000000008007f9a      0x176 ./Drivers/STM32F4xx_HAL_Driver/Src/stm32f4xx_hal_uart.o
 .text.UART_SetConfig
                0x0000000008008110      0x4e8 ./Drivers/STM32F4xx_HAL_Driver/Src/stm32f4xx_hal_uart.o
 .text.calloc   0x00000000080085f8       0x10 c:/st/stm32cubeide_1.8.0/stm32cubeide/plugins/com.st.stm32cube.ide.mcu.externaltools.gnu-tools-for-stm32.10.3-2021.10.win32_1.0.0.202111181127/tools/bin/../lib/gcc/arm-none-eabi/10.3.1/../../../../arm-none-eabi/lib/thumb/v7e-m+fp/hard\libc_nano.a(lib_a-calloc.o)
                0x00000000080085f8                calloc
 .text.__errno  0x0000000008008608        0xc c:/st/stm32cubeide_1.8.0/stm32cubeide/plugins/com.st.stm32cube.ide.mcu.externaltools.gnu-tools-for-stm32.10.3-2021.10.win32_1.0.0.202111181127/tools/bin/../lib/gcc/arm-none-eabi/10.3.1/../../../../arm-none-eabi/lib/thumb/v7e-m+fp/hard\libc_nano.a(lib_a-errno.o)
                0x0000000008008608                __errno
 .text.__libc_init_array
                0x0000000008008614       0x48 c:/st/stm32cubeide_1.8.0/stm32cubeide/plugins/com.st.stm32cube.ide.mcu.externaltools.gnu-tools-for-stm32.10.3-2021.10.win32_1.0.0.202111181127/tools/bin/../lib/gcc/arm-none-eabi/10.3.1/../../../../arm-none-eabi/lib/thumb/v7e-m+fp/hard\libc_nano.a(lib_a-init.o)
                0x0000000008008614                __libc_init_array
 .text.memcpy   0x000000000800865c       0x1c c:/st/stm32cubeide_1.8.0/stm32cubeide/plugins/com.st.stm32cube.ide.mcu.externaltools.gnu-tools-for-stm32.10.3-2021.10.win32_1.0.0.202111181127/tools/bin/../lib/gcc/arm-none-eabi/10.3.1/../../../../arm-none-eabi/lib/thumb/v7e-m+fp/hard\libc_nano.a(lib_a-memcpy-stub.o)
                0x000000000800865c                memcpy
 .text.memset   0x0000000008008678       0x10 c:/st/stm32cubeide_1.8.0/stm32cubeide/plugins/com.st.stm32cube.ide.mcu.externaltools.gnu-tools-for-stm32.10.3-2021.10.win32_1.0.0.202111181127/tools/bin/../lib/gcc/arm-none-eabi/10.3.1/../../../../arm-none-eabi/lib/thumb/v7e-m+fp/hard\libc_nano.a(lib_a-memset.o)
                0x0000000008008678                memset
 .text._calloc_r
                0x0000000008008688       0x2c c:/st/stm32cubeide_1.8.0/stm32cubeide/plugins/com.st.stm32cube.ide.mcu.externaltools.gnu-tools-for-stm32.10.3-2021.10.win32_1.0.0.202111181127/tools/bin/../lib/gcc/arm-none-eabi/10.3.1/../../../../arm-none-eabi/lib/thumb/v7e-m+fp/hard\libc_nano.a(lib_a-nano-callocr.o)
                0x0000000008008688                _calloc_r
 .text.sbrk_aligned
                0x00000000080086b4       0x40 c:/st/stm32cubeide_1.8.0/stm32cubeide/plugins/com.st.stm32cube.ide.mcu.externaltools.gnu-tools-for-stm32.10.3-2021.10.win32_1.0.0.202111181127/tools/bin/../lib/gcc/arm-none-eabi/10.3.1/../../../../arm-none-eabi/lib/thumb/v7e-m+fp/hard\libc_nano.a(lib_a-nano-mallocr.o)
 .text._malloc_r
                0x00000000080086f4       0xe8 c:/st/stm32cubeide_1.8.0/stm32cubeide/plugins/com.st.stm32cube.ide.mcu.externaltools.gnu-tools-for-stm32.10.3-2021.10.win32_1.0.0.202111181127/tools/bin/../lib/gcc/arm-none-eabi/10.3.1/../../../../arm-none-eabi/lib/thumb/v7e-m+fp/hard\libc_nano.a(lib_a-nano-mallocr.o)
                0x00000000080086f4                _malloc_r
 .text._sbrk_r  0x00000000080087dc       0x20 c:/st/stm32cubeide_1.8.0/stm32cubeide/plugins/com.st.stm32cube.ide.mcu.externaltools.gnu-tools-for-stm32.10.3-2021.10.win32_1.0.0.202111181127/tools/bin/../lib/gcc/arm-none-eabi/10.3.1/../../../../arm-none-eabi/lib/thumb/v7e-m+fp/hard\libc_nano.a(lib_a-sbrkr.o)
                0x00000000080087dc                _sbrk_r
 .text.__malloc_lock
                0x00000000080087fc        0xc c:/st/stm32cubeide_1.8.0/stm32cubeide/plugins/com.st.stm32cube.ide.mcu.externaltools.gnu-tools-for-stm32.10.3-2021.10.win32_1.0.0.202111181127/tools/bin/../lib/gcc/arm-none-eabi/10.3.1/../../../../arm-none-eabi/lib/thumb/v7e-m+fp/hard\libc_nano.a(lib_a-mlock.o)
                0x00000000080087fc                __malloc_lock
 .text.__malloc_unlock
                0x0000000008008808        0xc c:/st/stm32cubeide_1.8.0/stm32cubeide/plugins/com.st.stm32cube.ide.mcu.externaltools.gnu-tools-for-stm32.10.3-2021.10.win32_1.0.0.202111181127/tools/bin/../lib/gcc/arm-none-eabi/10.3.1/../../../../arm-none-eabi/lib/thumb/v7e-m+fp/hard\libc_nano.a(lib_a-mlock.o)
                0x0000000008008808                __malloc_unlock
 .text.__retarget_lock_acquire_recursive
                0x0000000008008814        0x2 c:/st/stm32cubeide_1.8.0/stm32cubeide/plugins/com.st.stm32cube.ide.mcu.externaltools.gnu-tools-for-stm32.10.3-2021.10.win32_1.0.0.202111181127/tools/bin/../lib/gcc/arm-none-eabi/10.3.1/../../../../arm-none-eabi/lib/thumb/v7e-m+fp/hard\libc_nano.a(lib_a-lock.o)
                0x0000000008008814                __retarget_lock_acquire_recursive
 .text.__retarget_lock_release_recursive
                0x0000000008008816        0x2 c:/st/stm32cubeide_1.8.0/stm32cubeide/plugins/com.st.stm32cube.ide.mcu.externaltools.gnu-tools-for-stm32.10.3-2021.10.win32_1.0.0.202111181127/tools/bin/../lib/gcc/arm-none-eabi/10.3.1/../../../../arm-none-eabi/lib/thumb/v7e-m+fp/hard\libc_nano.a(lib_a-lock.o)
                0x0000000008008816                __retarget_lock_release_recursive
 .text.sqrt     0x0000000008008818       0x58 c:/st/stm32cubeide_1.8.0/stm32cubeide/plugins/com.st.stm32cube.ide.mcu.externaltools.gnu-tools-for-stm32.10.3-2021.10.win32_1.0.0.202111181127/tools/bin/../lib/gcc/arm-none-eabi/10.3.1/../../../../arm-none-eabi/lib/thumb/v7e-m+fp/hard\libm.a(lib_a-w_sqrt.o)
                0x0000000008008818                sqrt
 .text.__ieee754_sqrt
                0x0000000008008870      0x164 c:/st/stm32cubeide_1.8.0/stm32cubeide/plugins/com.st.stm32cube.ide.mcu.externaltools.gnu-tools-for-stm32.10.3-2021.10.win32_1.0.0.202111181127/tools/bin/../lib/gcc/arm-none-eabi/10.3.1/../../../../arm-none-eabi/lib/thumb/v7e-m+fp/hard\libm.a(lib_a-e_sqrt.o)
                0x0000000008008870                __ieee754_sqrt
 *(.glue_7)
 .glue_7        0x00000000080089d4        0x0 linker stubs
 *(.glue_7t)
 .glue_7t       0x00000000080089d4        0x0 linker stubs
 *(.eh_frame)
 .eh_frame      0x00000000080089d4        0x0 c:/st/stm32cubeide_1.8.0/stm32cubeide/plugins/com.st.stm32cube.ide.mcu.externaltools.gnu-tools-for-stm32.10.3-2021.10.win32_1.0.0.202111181127/tools/bin/../lib/gcc/arm-none-eabi/10.3.1/thumb/v7e-m+fp/hard/crtbegin.o
 *(.init)
 .init          0x00000000080089d4        0x4 c:/st/stm32cubeide_1.8.0/stm32cubeide/plugins/com.st.stm32cube.ide.mcu.externaltools.gnu-tools-for-stm32.10.3-2021.10.win32_1.0.0.202111181127/tools/bin/../lib/gcc/arm-none-eabi/10.3.1/thumb/v7e-m+fp/hard/crti.o
                0x00000000080089d4                _init
 .init          0x00000000080089d8        0x8 c:/st/stm32cubeide_1.8.0/stm32cubeide/plugins/com.st.stm32cube.ide.mcu.externaltools.gnu-tools-for-stm32.10.3-2021.10.win32_1.0.0.202111181127/tools/bin/../lib/gcc/arm-none-eabi/10.3.1/thumb/v7e-m+fp/hard/crtn.o
 *(.fini)
 .fini          0x00000000080089e0        0x4 c:/st/stm32cubeide_1.8.0/stm32cubeide/plugins/com.st.stm32cube.ide.mcu.externaltools.gnu-tools-for-stm32.10.3-2021.10.win32_1.0.0.202111181127/tools/bin/../lib/gcc/arm-none-eabi/10.3.1/thumb/v7e-m+fp/hard/crti.o
                0x00000000080089e0                _fini
 .fini          0x00000000080089e4        0x8 c:/st/stm32cubeide_1.8.0/stm32cubeide/plugins/com.st.stm32cube.ide.mcu.externaltools.gnu-tools-for-stm32.10.3-2021.10.win32_1.0.0.202111181127/tools/bin/../lib/gcc/arm-none-eabi/10.3.1/thumb/v7e-m+fp/hard/crtn.o
                0x00000000080089ec                . = ALIGN (0x4)
                0x00000000080089ec                _etext = .

.vfp11_veneer   0x00000000080089ec        0x0
 .vfp11_veneer  0x00000000080089ec        0x0 linker stubs

.v4_bx          0x00000000080089ec        0x0
 .v4_bx         0x00000000080089ec        0x0 linker stubs

.iplt           0x00000000080089ec        0x0
 .iplt          0x00000000080089ec        0x0 c:/st/stm32cubeide_1.8.0/stm32cubeide/plugins/com.st.stm32cube.ide.mcu.externaltools.gnu-tools-for-stm32.10.3-2021.10.win32_1.0.0.202111181127/tools/bin/../lib/gcc/arm-none-eabi/10.3.1/thumb/v7e-m+fp/hard/crtbegin.o

.rodata         0x00000000080089ec       0x20
                0x00000000080089ec                . = ALIGN (0x4)
 *(.rodata)
 *(.rodata*)
 .rodata.AHBPrescTable
                0x00000000080089ec       0x10 ./Core/Src/system_stm32f4xx.o
                0x00000000080089ec                AHBPrescTable
 .rodata.APBPrescTable
                0x00000000080089fc        0x8 ./Core/Src/system_stm32f4xx.o
                0x00000000080089fc                APBPrescTable
 .rodata.flagBitshiftOffset.0
                0x0000000008008a04        0x8 ./Drivers/STM32F4xx_HAL_Driver/Src/stm32f4xx_hal_dma.o
                0x0000000008008a0c                . = ALIGN (0x4)

.ARM.extab      0x0000000008008a0c        0x0
                0x0000000008008a0c                . = ALIGN (0x4)
 *(.ARM.extab* .gnu.linkonce.armextab.*)
                0x0000000008008a0c                . = ALIGN (0x4)

.ARM            0x0000000008008a0c        0x8
                0x0000000008008a0c                . = ALIGN (0x4)
                0x0000000008008a0c                __exidx_start = .
 *(.ARM.exidx*)
 .ARM.exidx     0x0000000008008a0c        0x8 c:/st/stm32cubeide_1.8.0/stm32cubeide/plugins/com.st.stm32cube.ide.mcu.externaltools.gnu-tools-for-stm32.10.3-2021.10.win32_1.0.0.202111181127/tools/bin/../lib/gcc/arm-none-eabi/10.3.1/thumb/v7e-m+fp/hard\libgcc.a(_udivmoddi4.o)
                0x0000000008008a14                __exidx_end = .
                0x0000000008008a14                . = ALIGN (0x4)

.rel.dyn        0x0000000008008a14        0x0
 .rel.iplt      0x0000000008008a14        0x0 c:/st/stm32cubeide_1.8.0/stm32cubeide/plugins/com.st.stm32cube.ide.mcu.externaltools.gnu-tools-for-stm32.10.3-2021.10.win32_1.0.0.202111181127/tools/bin/../lib/gcc/arm-none-eabi/10.3.1/thumb/v7e-m+fp/hard/crtbegin.o

.preinit_array  0x0000000008008a14        0x0
                0x0000000008008a14                . = ALIGN (0x4)
                0x0000000008008a14                PROVIDE (__preinit_array_start = .)
 *(.preinit_array*)
                0x0000000008008a14                PROVIDE (__preinit_array_end = .)
                0x0000000008008a14                . = ALIGN (0x4)

.init_array     0x0000000008008a14        0x4
                0x0000000008008a14                . = ALIGN (0x4)
                0x0000000008008a14                PROVIDE (__init_array_start = .)
 *(SORT_BY_NAME(.init_array.*))
 *(.init_array*)
 .init_array    0x0000000008008a14        0x4 c:/st/stm32cubeide_1.8.0/stm32cubeide/plugins/com.st.stm32cube.ide.mcu.externaltools.gnu-tools-for-stm32.10.3-2021.10.win32_1.0.0.202111181127/tools/bin/../lib/gcc/arm-none-eabi/10.3.1/thumb/v7e-m+fp/hard/crtbegin.o
                0x0000000008008a18                PROVIDE (__init_array_end = .)
                0x0000000008008a18                . = ALIGN (0x4)

.fini_array     0x0000000008008a18        0x4
                0x0000000008008a18                . = ALIGN (0x4)
                [!provide]                        PROVIDE (__fini_array_start = .)
 *(SORT_BY_NAME(.fini_array.*))
 *(.fini_array*)
 .fini_array    0x0000000008008a18        0x4 c:/st/stm32cubeide_1.8.0/stm32cubeide/plugins/com.st.stm32cube.ide.mcu.externaltools.gnu-tools-for-stm32.10.3-2021.10.win32_1.0.0.202111181127/tools/bin/../lib/gcc/arm-none-eabi/10.3.1/thumb/v7e-m+fp/hard/crtbegin.o
                [!provide]                        PROVIDE (__fini_array_end = .)
                0x0000000008008a1c                . = ALIGN (0x4)
                0x0000000008008a1c                _sidata = LOADADDR (.data)

.data           0x0000000020000000       0x8c load address 0x0000000008008a1c
                0x0000000020000000                . = ALIGN (0x4)
                0x0000000020000000                _sdata = .
 *(.data)
 *(.data*)
 .data.InitialPWM
                0x0000000020000000        0x4 ./Core/Src/main.o
                0x0000000020000000                InitialPWM
 .data.p        0x0000000020000004        0x4 ./Core/Src/main.o
                0x0000000020000004                p
 .data.i        0x0000000020000008        0x4 ./Core/Src/main.o
                0x0000000020000008                i
 .data.d        0x000000002000000c        0x4 ./Core/Src/main.o
                0x000000002000000c                d
 .data.FinalPos
                0x0000000020000010        0x4 ./Core/Src/main.o
                0x0000000020000010                FinalPos
 .data.VmaxRPM  0x0000000020000014        0x4 ./Core/Src/main.o
                0x0000000020000014                VmaxRPM
 .data.HowMuchStation
                0x0000000020000018        0x1 ./Core/Src/main.o
                0x0000000020000018                HowMuchStation
 .data.Statee.14
                0x0000000020000019        0x1 ./Core/Src/main.o
 .data.StartBit.10
                0x000000002000001a        0x1 ./Core/Src/main.o
 *fill*         0x000000002000001b        0x1 
 .data.SystemCoreClock
                0x000000002000001c        0x4 ./Core/Src/system_stm32f4xx.o
                0x000000002000001c                SystemCoreClock
 .data.uwTickPrio
                0x0000000020000020        0x4 ./Drivers/STM32F4xx_HAL_Driver/Src/stm32f4xx_hal.o
                0x0000000020000020                uwTickPrio
 .data.uwTickFreq
                0x0000000020000024        0x1 ./Drivers/STM32F4xx_HAL_Driver/Src/stm32f4xx_hal.o
                0x0000000020000024                uwTickFreq
 *fill*         0x0000000020000025        0x3 
 .data._impure_ptr
                0x0000000020000028        0x4 c:/st/stm32cubeide_1.8.0/stm32cubeide/plugins/com.st.stm32cube.ide.mcu.externaltools.gnu-tools-for-stm32.10.3-2021.10.win32_1.0.0.202111181127/tools/bin/../lib/gcc/arm-none-eabi/10.3.1/../../../../arm-none-eabi/lib/thumb/v7e-m+fp/hard\libc_nano.a(lib_a-impure.o)
                0x0000000020000028                _impure_ptr
 .data.impure_data
                0x000000002000002c       0x60 c:/st/stm32cubeide_1.8.0/stm32cubeide/plugins/com.st.stm32cube.ide.mcu.externaltools.gnu-tools-for-stm32.10.3-2021.10.win32_1.0.0.202111181127/tools/bin/../lib/gcc/arm-none-eabi/10.3.1/../../../../arm-none-eabi/lib/thumb/v7e-m+fp/hard\libc_nano.a(lib_a-impure.o)
 *(.RamFunc)
 *(.RamFunc*)
                0x000000002000008c                . = ALIGN (0x4)
                0x000000002000008c                _edata = .

.igot.plt       0x000000002000008c        0x0 load address 0x0000000008008aa8
 .igot.plt      0x000000002000008c        0x0 c:/st/stm32cubeide_1.8.0/stm32cubeide/plugins/com.st.stm32cube.ide.mcu.externaltools.gnu-tools-for-stm32.10.3-2021.10.win32_1.0.0.202111181127/tools/bin/../lib/gcc/arm-none-eabi/10.3.1/thumb/v7e-m+fp/hard/crtbegin.o
                0x000000002000008c                . = ALIGN (0x4)

.bss            0x0000000020000090      0x4cc load address 0x0000000008008aa8
                0x0000000020000090                _sbss = .
                0x0000000020000090                __bss_start__ = _sbss
 *(.bss)
 .bss           0x0000000020000090       0x1c c:/st/stm32cubeide_1.8.0/stm32cubeide/plugins/com.st.stm32cube.ide.mcu.externaltools.gnu-tools-for-stm32.10.3-2021.10.win32_1.0.0.202111181127/tools/bin/../lib/gcc/arm-none-eabi/10.3.1/thumb/v7e-m+fp/hard/crtbegin.o
 *(.bss*)
 .bss.hi2c1     0x00000000200000ac       0x54 ./Core/Src/main.o
                0x00000000200000ac                hi2c1
 .bss.htim1     0x0000000020000100       0x48 ./Core/Src/main.o
                0x0000000020000100                htim1
 .bss.htim2     0x0000000020000148       0x48 ./Core/Src/main.o
                0x0000000020000148                htim2
 .bss.htim3     0x0000000020000190       0x48 ./Core/Src/main.o
                0x0000000020000190                htim3
 .bss.huart2    0x00000000200001d8       0x44 ./Core/Src/main.o
                0x00000000200001d8                huart2
 .bss.hdma_usart2_rx
                0x000000002000021c       0x60 ./Core/Src/main.o
                0x000000002000021c                hdma_usart2_rx
 .bss.hdma_usart2_tx
                0x000000002000027c       0x60 ./Core/Src/main.o
                0x000000002000027c                hdma_usart2_tx
 .bss.UART2     0x00000000200002dc       0x18 ./Core/Src/main.o
                0x00000000200002dc                UART2
 .bss.n         0x00000000200002f4        0x2 ./Core/Src/main.o
                0x00000000200002f4                n
 .bss.Mode      0x00000000200002f6        0x1 ./Core/Src/main.o
                0x00000000200002f6                Mode
 .bss.Frame     0x00000000200002f7        0x1 ./Core/Src/main.o
                0x00000000200002f7                Frame
 .bss.Station   0x00000000200002f8       0x14 ./Core/Src/main.o
                0x00000000200002f8                Station
 .bss.UARTsuccess
                0x000000002000030c        0x1 ./Core/Src/main.o
                0x000000002000030c                UARTsuccess
 .bss.UARTerror
                0x000000002000030d        0x1 ./Core/Src/main.o
                0x000000002000030d                UARTerror
 .bss.enable_eff
                0x000000002000030e        0x1 ./Core/Src/main.o
                0x000000002000030e                enable_eff
 *fill*         0x000000002000030f        0x1 
 .bss.ChecksumFrame3
                0x0000000020000310        0x2 ./Core/Src/main.o
                0x0000000020000310                ChecksumFrame3
 *fill*         0x0000000020000312        0x6 
 .bss.TimestampPID
                0x0000000020000318        0x8 ./Core/Src/main.o
                0x0000000020000318                TimestampPID
 .bss.PreviousPWM
                0x0000000020000320        0x4 ./Core/Src/main.o
                0x0000000020000320                PreviousPWM
 .bss.preErr1   0x0000000020000324        0x4 ./Core/Src/main.o
                0x0000000020000324                preErr1
 .bss.preErr2   0x0000000020000328        0x4 ./Core/Src/main.o
                0x0000000020000328                preErr2
 .bss.DeltaU    0x000000002000032c        0x4 ./Core/Src/main.o
                0x000000002000032c                DeltaU
 .bss.P         0x0000000020000330        0x4 ./Core/Src/main.o
                0x0000000020000330                P
 .bss.I         0x0000000020000334        0x4 ./Core/Src/main.o
                0x0000000020000334                I
 .bss.D         0x0000000020000338        0x4 ./Core/Src/main.o
                0x0000000020000338                D
 .bss.StartTime
                0x000000002000033c        0x4 ./Core/Src/main.o
                0x000000002000033c                StartTime
 .bss.StartMoving
                0x0000000020000340        0x1 ./Core/Src/main.o
                0x0000000020000340                StartMoving
 .bss.ST        0x0000000020000341        0x1 ./Core/Src/main.o
                0x0000000020000341                ST
 *fill*         0x0000000020000342        0x2 
 .bss.velocity  0x0000000020000344        0x4 ./Core/Src/main.o
                0x0000000020000344                velocity
 .bss.position  0x0000000020000348        0x4 ./Core/Src/main.o
                0x0000000020000348                position
 .bss.acceleration
                0x000000002000034c        0x4 ./Core/Src/main.o
                0x000000002000034c                acceleration
 .bss.StartPos  0x0000000020000350        0x4 ./Core/Src/main.o
                0x0000000020000350                StartPos
 .bss.Qi        0x0000000020000354        0x4 ./Core/Src/main.o
                0x0000000020000354                Qi
 .bss.Qf        0x0000000020000358        0x4 ./Core/Src/main.o
                0x0000000020000358                Qf
 .bss.TA        0x000000002000035c        0x4 ./Core/Src/main.o
                0x000000002000035c                TA
 .bss.TV        0x0000000020000360        0x4 ./Core/Src/main.o
                0x0000000020000360                TV
 .bss.T         0x0000000020000364        0x4 ./Core/Src/main.o
                0x0000000020000364                T
 .bss.tau       0x0000000020000368        0x4 ./Core/Src/main.o
                0x0000000020000368                tau
 .bss.TA1       0x000000002000036c        0x4 ./Core/Src/main.o
                0x000000002000036c                TA1
 .bss.TA2       0x0000000020000370        0x4 ./Core/Src/main.o
                0x0000000020000370                TA2
 .bss.TA3       0x0000000020000374        0x4 ./Core/Src/main.o
                0x0000000020000374                TA3
 .bss.TV1       0x0000000020000378        0x4 ./Core/Src/main.o
                0x0000000020000378                TV1
 *fill*         0x000000002000037c        0x4 
 .bss.Trajtimestamp
                0x0000000020000380        0x8 ./Core/Src/main.o
                0x0000000020000380                Trajtimestamp
 .bss.VmaxReal  0x0000000020000388        0x4 ./Core/Src/main.o
                0x0000000020000388                VmaxReal
 .bss.FinishedTraj
                0x000000002000038c        0x1 ./Core/Src/main.o
                0x000000002000038c                FinishedTraj
 *fill*         0x000000002000038d        0x3 
 .bss.HomeSignal
                0x0000000020000390        0x8 ./Core/Src/main.o
                0x0000000020000390                HomeSignal
 .bss.SetHomeFlag
                0x0000000020000398        0x1 ./Core/Src/main.o
                0x0000000020000398                SetHomeFlag
 .bss.StartSetHome
                0x0000000020000399        0x1 ./Core/Src/main.o
                0x0000000020000399                StartSetHome
 .bss.sum       0x000000002000039a        0x1 ./Core/Src/main.o
                0x000000002000039a                sum
 *fill*         0x000000002000039b        0x5 
 .bss.SetHomeTimeStamp
                0x00000000200003a0        0x8 ./Core/Src/main.o
                0x00000000200003a0                SetHomeTimeStamp
 .bss.TimestampEncoder
                0x00000000200003a8        0x8 ./Core/Src/main.o
                0x00000000200003a8                TimestampEncoder
 .bss.TimestampVelocity
                0x00000000200003b0        0x8 ./Core/Src/main.o
                0x00000000200003b0                TimestampVelocity
 .bss.EncoderVel
                0x00000000200003b8        0x4 ./Core/Src/main.o
                0x00000000200003b8                EncoderVel
 .bss.EncoderAcc
                0x00000000200003bc        0x4 ./Core/Src/main.o
                0x00000000200003bc                EncoderAcc
 .bss.FinishedStation
                0x00000000200003c0        0x1 ./Core/Src/main.o
                0x00000000200003c0                FinishedStation
 .bss.FinishedTask
                0x00000000200003c1        0x1 ./Core/Src/main.o
                0x00000000200003c1                FinishedTask
 .bss.NextStation
                0x00000000200003c2        0x1 ./Core/Src/main.o
                0x00000000200003c2                NextStation
 *fill*         0x00000000200003c3        0x5 
 .bss.effTimestamp
                0x00000000200003c8        0x8 ./Core/Src/main.o
                0x00000000200003c8                effTimestamp
 .bss.GoToStation
                0x00000000200003d0       0xff ./Core/Src/main.o
                0x00000000200003d0                GoToStation
 *fill*         0x00000000200004cf        0x1 
 .bss.StartStationTime
                0x00000000200004d0        0x8 ./Core/Src/main.o
                0x00000000200004d0                StartStationTime
 .bss.EndStationTime
                0x00000000200004d8        0x8 ./Core/Src/main.o
                0x00000000200004d8                EndStationTime
 .bss.TimePerStation
                0x00000000200004e0        0x4 ./Core/Src/main.o
                0x00000000200004e0                TimePerStation
 .bss.VrequirementCheck
                0x00000000200004e4        0x4 ./Core/Src/main.o
                0x00000000200004e4                VrequirementCheck
 .bss.AccMax    0x00000000200004e8        0x4 ./Core/Src/main.o
                0x00000000200004e8                AccMax
 .bss.request   0x00000000200004ec        0x4 ./Core/Src/main.o
                0x00000000200004ec                request
 .bss.PWMPercent
                0x00000000200004f0        0x2 ./Core/Src/main.o
                0x00000000200004f0                PWMPercent
 *fill*         0x00000000200004f2        0x6 
 .bss._micros   0x00000000200004f8        0x8 ./Core/Src/main.o
                0x00000000200004f8                _micros
 .bss.VelocityRPM
                0x0000000020000500        0x4 ./Core/Src/main.o
                0x0000000020000500                VelocityRPM
 .bss.AccelerationRad
                0x0000000020000504        0x4 ./Core/Src/main.o
                0x0000000020000504                AccelerationRad
 .bss.Degree    0x0000000020000508        0x4 ./Core/Src/main.o
                0x0000000020000508                Degree
 .bss.Direction
                0x000000002000050c        0x1 ./Core/Src/main.o
                0x000000002000050c                Direction
 *fill*         0x000000002000050d        0x3 
 .bss.ButtonBuffer
                0x0000000020000510        0x2 ./Core/Src/main.o
                0x0000000020000510                ButtonBuffer
 .bss.test      0x0000000020000512        0x1 ./Core/Src/main.o
                0x0000000020000512                test
 .bss.frame1    0x0000000020000513        0x1 ./Core/Src/main.o
                0x0000000020000513                frame1
 .bss.frame2    0x0000000020000514        0x1 ./Core/Src/main.o
                0x0000000020000514                frame2
 .bss.frame3    0x0000000020000515        0x1 ./Core/Src/main.o
                0x0000000020000515                frame3
 .bss.DataInTest
                0x0000000020000516        0x2 ./Core/Src/main.o
                0x0000000020000516                DataInTest
 .bss.checksumtest
                0x0000000020000518        0x1 ./Core/Src/main.o
                0x0000000020000518                checksumtest
 .bss.stateeee  0x0000000020000519        0x1 ./Core/Src/main.o
                0x0000000020000519                stateeee
 .bss.MultiProcessBlocker.13
                0x000000002000051a        0x1 ./Core/Src/main.o
 .bss.State.12  0x000000002000051b        0x1 ./Core/Src/main.o
 .bss.ModeIN.11
                0x000000002000051c        0x1 ./Core/Src/main.o
 .bss.CheckSum.9
                0x000000002000051d        0x1 ./Core/Src/main.o
 .bss.CollectedData.8
                0x000000002000051e        0x2 ./Core/Src/main.o
 .bss.CurrentAngle1.7
                0x0000000020000520        0x1 ./Core/Src/main.o
 .bss.CurrentAngle2.6
                0x0000000020000521        0x1 ./Core/Src/main.o
 .bss.CollectedData2.5
                0x0000000020000522        0x2 ./Core/Src/main.o
 .bss.xxx.4     0x0000000020000524        0x2 ./Core/Src/main.o
 *fill*         0x0000000020000526        0x2 
 .bss.EncoderLastTimestamp.3
                0x0000000020000528        0x8 ./Core/Src/main.o
 .bss.EncoderLastVelocity.2
                0x0000000020000530        0x4 ./Core/Src/main.o
 *fill*         0x0000000020000534        0x4 
 .bss.EncoderLastTimestamp.1
                0x0000000020000538        0x8 ./Core/Src/main.o
 .bss.EncoderLastPosition.0
                0x0000000020000540        0x4 ./Core/Src/main.o
 .bss.__sbrk_heap_end
                0x0000000020000544        0x4 ./Core/Src/sysmem.o
 .bss.uwTick    0x0000000020000548        0x4 ./Drivers/STM32F4xx_HAL_Driver/Src/stm32f4xx_hal.o
                0x0000000020000548                uwTick
 .bss.__malloc_free_list
                0x000000002000054c        0x4 c:/st/stm32cubeide_1.8.0/stm32cubeide/plugins/com.st.stm32cube.ide.mcu.externaltools.gnu-tools-for-stm32.10.3-2021.10.win32_1.0.0.202111181127/tools/bin/../lib/gcc/arm-none-eabi/10.3.1/../../../../arm-none-eabi/lib/thumb/v7e-m+fp/hard\libc_nano.a(lib_a-nano-mallocr.o)
                0x000000002000054c                __malloc_free_list
 .bss.__malloc_sbrk_start
                0x0000000020000550        0x4 c:/st/stm32cubeide_1.8.0/stm32cubeide/plugins/com.st.stm32cube.ide.mcu.externaltools.gnu-tools-for-stm32.10.3-2021.10.win32_1.0.0.202111181127/tools/bin/../lib/gcc/arm-none-eabi/10.3.1/../../../../arm-none-eabi/lib/thumb/v7e-m+fp/hard\libc_nano.a(lib_a-nano-mallocr.o)
                0x0000000020000550                __malloc_sbrk_start
 .bss.errno     0x0000000020000554        0x4 c:/st/stm32cubeide_1.8.0/stm32cubeide/plugins/com.st.stm32cube.ide.mcu.externaltools.gnu-tools-for-stm32.10.3-2021.10.win32_1.0.0.202111181127/tools/bin/../lib/gcc/arm-none-eabi/10.3.1/../../../../arm-none-eabi/lib/thumb/v7e-m+fp/hard\libc_nano.a(lib_a-reent.o)
                0x0000000020000554                errno
 .bss.__lock___malloc_recursive_mutex
                0x0000000020000558        0x1 c:/st/stm32cubeide_1.8.0/stm32cubeide/plugins/com.st.stm32cube.ide.mcu.externaltools.gnu-tools-for-stm32.10.3-2021.10.win32_1.0.0.202111181127/tools/bin/../lib/gcc/arm-none-eabi/10.3.1/../../../../arm-none-eabi/lib/thumb/v7e-m+fp/hard\libc_nano.a(lib_a-lock.o)
                0x0000000020000558                __lock___malloc_recursive_mutex
 *(COMMON)
                0x000000002000055c                . = ALIGN (0x4)
 *fill*         0x0000000020000559        0x3 
                0x000000002000055c                _ebss = .
                0x000000002000055c                __bss_end__ = _ebss

._user_heap_stack
                0x000000002000055c      0x604 load address 0x0000000008008aa8
                0x0000000020000560                . = ALIGN (0x8)
 *fill*         0x000000002000055c        0x4 
                [!provide]                        PROVIDE (end = .)
                0x0000000020000560                PROVIDE (_end = .)
                0x0000000020000760                . = (. + _Min_Heap_Size)
 *fill*         0x0000000020000560      0x200 
                0x0000000020000b60                . = (. + _Min_Stack_Size)
 *fill*         0x0000000020000760      0x400 
                0x0000000020000b60                . = ALIGN (0x8)

/DISCARD/
 libc.a(*)
 libm.a(*)
 libgcc.a(*)

.ARM.attributes
                0x0000000000000000       0x30
 *(.ARM.attributes)
 .ARM.attributes
                0x0000000000000000       0x1e c:/st/stm32cubeide_1.8.0/stm32cubeide/plugins/com.st.stm32cube.ide.mcu.externaltools.gnu-tools-for-stm32.10.3-2021.10.win32_1.0.0.202111181127/tools/bin/../lib/gcc/arm-none-eabi/10.3.1/thumb/v7e-m+fp/hard/crti.o
 .ARM.attributes
                0x000000000000001e       0x34 c:/st/stm32cubeide_1.8.0/stm32cubeide/plugins/com.st.stm32cube.ide.mcu.externaltools.gnu-tools-for-stm32.10.3-2021.10.win32_1.0.0.202111181127/tools/bin/../lib/gcc/arm-none-eabi/10.3.1/thumb/v7e-m+fp/hard/crtbegin.o
 .ARM.attributes
                0x0000000000000052       0x34 ./Core/Src/main.o
 .ARM.attributes
                0x0000000000000086       0x34 ./Core/Src/stm32f4xx_hal_msp.o
 .ARM.attributes
                0x00000000000000ba       0x34 ./Core/Src/stm32f4xx_it.o
 .ARM.attributes
                0x00000000000000ee       0x34 ./Core/Src/sysmem.o
 .ARM.attributes
                0x0000000000000122       0x34 ./Core/Src/system_stm32f4xx.o
 .ARM.attributes
                0x0000000000000156       0x21 ./Core/Startup/startup_stm32f411retx.o
 .ARM.attributes
                0x0000000000000177       0x34 ./Drivers/STM32F4xx_HAL_Driver/Src/stm32f4xx_hal.o
 .ARM.attributes
                0x00000000000001ab       0x34 ./Drivers/STM32F4xx_HAL_Driver/Src/stm32f4xx_hal_cortex.o
 .ARM.attributes
                0x00000000000001df       0x34 ./Drivers/STM32F4xx_HAL_Driver/Src/stm32f4xx_hal_dma.o
 .ARM.attributes
                0x0000000000000213       0x34 ./Drivers/STM32F4xx_HAL_Driver/Src/stm32f4xx_hal_gpio.o
 .ARM.attributes
                0x0000000000000247       0x34 ./Drivers/STM32F4xx_HAL_Driver/Src/stm32f4xx_hal_i2c.o
 .ARM.attributes
                0x000000000000027b       0x34 ./Drivers/STM32F4xx_HAL_Driver/Src/stm32f4xx_hal_rcc.o
 .ARM.attributes
                0x00000000000002af       0x34 ./Drivers/STM32F4xx_HAL_Driver/Src/stm32f4xx_hal_tim.o
 .ARM.attributes
                0x00000000000002e3       0x34 ./Drivers/STM32F4xx_HAL_Driver/Src/stm32f4xx_hal_tim_ex.o
 .ARM.attributes
                0x0000000000000317       0x34 ./Drivers/STM32F4xx_HAL_Driver/Src/stm32f4xx_hal_uart.o
 .ARM.attributes
                0x000000000000034b       0x34 c:/st/stm32cubeide_1.8.0/stm32cubeide/plugins/com.st.stm32cube.ide.mcu.externaltools.gnu-tools-for-stm32.10.3-2021.10.win32_1.0.0.202111181127/tools/bin/../lib/gcc/arm-none-eabi/10.3.1/../../../../arm-none-eabi/lib/thumb/v7e-m+fp/hard\libc_nano.a(lib_a-calloc.o)
 .ARM.attributes
                0x000000000000037f       0x34 c:/st/stm32cubeide_1.8.0/stm32cubeide/plugins/com.st.stm32cube.ide.mcu.externaltools.gnu-tools-for-stm32.10.3-2021.10.win32_1.0.0.202111181127/tools/bin/../lib/gcc/arm-none-eabi/10.3.1/../../../../arm-none-eabi/lib/thumb/v7e-m+fp/hard\libc_nano.a(lib_a-errno.o)
 .ARM.attributes
                0x00000000000003b3       0x34 c:/st/stm32cubeide_1.8.0/stm32cubeide/plugins/com.st.stm32cube.ide.mcu.externaltools.gnu-tools-for-stm32.10.3-2021.10.win32_1.0.0.202111181127/tools/bin/../lib/gcc/arm-none-eabi/10.3.1/../../../../arm-none-eabi/lib/thumb/v7e-m+fp/hard\libc_nano.a(lib_a-impure.o)
 .ARM.attributes
                0x00000000000003e7       0x34 c:/st/stm32cubeide_1.8.0/stm32cubeide/plugins/com.st.stm32cube.ide.mcu.externaltools.gnu-tools-for-stm32.10.3-2021.10.win32_1.0.0.202111181127/tools/bin/../lib/gcc/arm-none-eabi/10.3.1/../../../../arm-none-eabi/lib/thumb/v7e-m+fp/hard\libc_nano.a(lib_a-init.o)
 .ARM.attributes
                0x000000000000041b       0x34 c:/st/stm32cubeide_1.8.0/stm32cubeide/plugins/com.st.stm32cube.ide.mcu.externaltools.gnu-tools-for-stm32.10.3-2021.10.win32_1.0.0.202111181127/tools/bin/../lib/gcc/arm-none-eabi/10.3.1/../../../../arm-none-eabi/lib/thumb/v7e-m+fp/hard\libc_nano.a(lib_a-memcpy-stub.o)
 .ARM.attributes
                0x000000000000044f       0x34 c:/st/stm32cubeide_1.8.0/stm32cubeide/plugins/com.st.stm32cube.ide.mcu.externaltools.gnu-tools-for-stm32.10.3-2021.10.win32_1.0.0.202111181127/tools/bin/../lib/gcc/arm-none-eabi/10.3.1/../../../../arm-none-eabi/lib/thumb/v7e-m+fp/hard\libc_nano.a(lib_a-memset.o)
 .ARM.attributes
                0x0000000000000483       0x34 c:/st/stm32cubeide_1.8.0/stm32cubeide/plugins/com.st.stm32cube.ide.mcu.externaltools.gnu-tools-for-stm32.10.3-2021.10.win32_1.0.0.202111181127/tools/bin/../lib/gcc/arm-none-eabi/10.3.1/../../../../arm-none-eabi/lib/thumb/v7e-m+fp/hard\libc_nano.a(lib_a-nano-callocr.o)
 .ARM.attributes
                0x00000000000004b7       0x34 c:/st/stm32cubeide_1.8.0/stm32cubeide/plugins/com.st.stm32cube.ide.mcu.externaltools.gnu-tools-for-stm32.10.3-2021.10.win32_1.0.0.202111181127/tools/bin/../lib/gcc/arm-none-eabi/10.3.1/../../../../arm-none-eabi/lib/thumb/v7e-m+fp/hard\libc_nano.a(lib_a-nano-mallocr.o)
 .ARM.attributes
                0x00000000000004eb       0x34 c:/st/stm32cubeide_1.8.0/stm32cubeide/plugins/com.st.stm32cube.ide.mcu.externaltools.gnu-tools-for-stm32.10.3-2021.10.win32_1.0.0.202111181127/tools/bin/../lib/gcc/arm-none-eabi/10.3.1/../../../../arm-none-eabi/lib/thumb/v7e-m+fp/hard\libc_nano.a(lib_a-sbrkr.o)
 .ARM.attributes
                0x000000000000051f       0x34 c:/st/stm32cubeide_1.8.0/stm32cubeide/plugins/com.st.stm32cube.ide.mcu.externaltools.gnu-tools-for-stm32.10.3-2021.10.win32_1.0.0.202111181127/tools/bin/../lib/gcc/arm-none-eabi/10.3.1/../../../../arm-none-eabi/lib/thumb/v7e-m+fp/hard\libc_nano.a(lib_a-mlock.o)
 .ARM.attributes
                0x0000000000000553       0x34 c:/st/stm32cubeide_1.8.0/stm32cubeide/plugins/com.st.stm32cube.ide.mcu.externaltools.gnu-tools-for-stm32.10.3-2021.10.win32_1.0.0.202111181127/tools/bin/../lib/gcc/arm-none-eabi/10.3.1/../../../../arm-none-eabi/lib/thumb/v7e-m+fp/hard\libc_nano.a(lib_a-reent.o)
 .ARM.attributes
                0x0000000000000587       0x34 c:/st/stm32cubeide_1.8.0/stm32cubeide/plugins/com.st.stm32cube.ide.mcu.externaltools.gnu-tools-for-stm32.10.3-2021.10.win32_1.0.0.202111181127/tools/bin/../lib/gcc/arm-none-eabi/10.3.1/../../../../arm-none-eabi/lib/thumb/v7e-m+fp/hard\libc_nano.a(lib_a-lock.o)
 .ARM.attributes
                0x00000000000005bb       0x34 c:/st/stm32cubeide_1.8.0/stm32cubeide/plugins/com.st.stm32cube.ide.mcu.externaltools.gnu-tools-for-stm32.10.3-2021.10.win32_1.0.0.202111181127/tools/bin/../lib/gcc/arm-none-eabi/10.3.1/../../../../arm-none-eabi/lib/thumb/v7e-m+fp/hard\libm.a(lib_a-w_sqrt.o)
 .ARM.attributes
                0x00000000000005ef       0x34 c:/st/stm32cubeide_1.8.0/stm32cubeide/plugins/com.st.stm32cube.ide.mcu.externaltools.gnu-tools-for-stm32.10.3-2021.10.win32_1.0.0.202111181127/tools/bin/../lib/gcc/arm-none-eabi/10.3.1/../../../../arm-none-eabi/lib/thumb/v7e-m+fp/hard\libm.a(lib_a-e_sqrt.o)
 .ARM.attributes
                0x0000000000000623       0x1e c:/st/stm32cubeide_1.8.0/stm32cubeide/plugins/com.st.stm32cube.ide.mcu.externaltools.gnu-tools-for-stm32.10.3-2021.10.win32_1.0.0.202111181127/tools/bin/../lib/gcc/arm-none-eabi/10.3.1/thumb/v7e-m+fp/hard\libgcc.a(_arm_addsubdf3.o)
 .ARM.attributes
                0x0000000000000641       0x1e c:/st/stm32cubeide_1.8.0/stm32cubeide/plugins/com.st.stm32cube.ide.mcu.externaltools.gnu-tools-for-stm32.10.3-2021.10.win32_1.0.0.202111181127/tools/bin/../lib/gcc/arm-none-eabi/10.3.1/thumb/v7e-m+fp/hard\libgcc.a(_arm_muldivdf3.o)
 .ARM.attributes
                0x000000000000065f       0x1e c:/st/stm32cubeide_1.8.0/stm32cubeide/plugins/com.st.stm32cube.ide.mcu.externaltools.gnu-tools-for-stm32.10.3-2021.10.win32_1.0.0.202111181127/tools/bin/../lib/gcc/arm-none-eabi/10.3.1/thumb/v7e-m+fp/hard\libgcc.a(_arm_cmpdf2.o)
 .ARM.attributes
                0x000000000000067d       0x1e c:/st/stm32cubeide_1.8.0/stm32cubeide/plugins/com.st.stm32cube.ide.mcu.externaltools.gnu-tools-for-stm32.10.3-2021.10.win32_1.0.0.202111181127/tools/bin/../lib/gcc/arm-none-eabi/10.3.1/thumb/v7e-m+fp/hard\libgcc.a(_arm_unorddf2.o)
 .ARM.attributes
                0x000000000000069b       0x1e c:/st/stm32cubeide_1.8.0/stm32cubeide/plugins/com.st.stm32cube.ide.mcu.externaltools.gnu-tools-for-stm32.10.3-2021.10.win32_1.0.0.202111181127/tools/bin/../lib/gcc/arm-none-eabi/10.3.1/thumb/v7e-m+fp/hard\libgcc.a(_arm_fixdfsi.o)
 .ARM.attributes
                0x00000000000006b9       0x1e c:/st/stm32cubeide_1.8.0/stm32cubeide/plugins/com.st.stm32cube.ide.mcu.externaltools.gnu-tools-for-stm32.10.3-2021.10.win32_1.0.0.202111181127/tools/bin/../lib/gcc/arm-none-eabi/10.3.1/thumb/v7e-m+fp/hard\libgcc.a(_arm_truncdfsf2.o)
 .ARM.attributes
                0x00000000000006d7       0x1e c:/st/stm32cubeide_1.8.0/stm32cubeide/plugins/com.st.stm32cube.ide.mcu.externaltools.gnu-tools-for-stm32.10.3-2021.10.win32_1.0.0.202111181127/tools/bin/../lib/gcc/arm-none-eabi/10.3.1/thumb/v7e-m+fp/hard\libgcc.a(_arm_addsubsf3.o)
 .ARM.attributes
                0x00000000000006f5       0x1e c:/st/stm32cubeide_1.8.0/stm32cubeide/plugins/com.st.stm32cube.ide.mcu.externaltools.gnu-tools-for-stm32.10.3-2021.10.win32_1.0.0.202111181127/tools/bin/../lib/gcc/arm-none-eabi/10.3.1/thumb/v7e-m+fp/hard\libgcc.a(_aeabi_uldivmod.o)
 .ARM.attributes
                0x0000000000000713       0x34 c:/st/stm32cubeide_1.8.0/stm32cubeide/plugins/com.st.stm32cube.ide.mcu.externaltools.gnu-tools-for-stm32.10.3-2021.10.win32_1.0.0.202111181127/tools/bin/../lib/gcc/arm-none-eabi/10.3.1/thumb/v7e-m+fp/hard\libgcc.a(_udivmoddi4.o)
 .ARM.attributes
                0x0000000000000747       0x1e c:/st/stm32cubeide_1.8.0/stm32cubeide/plugins/com.st.stm32cube.ide.mcu.externaltools.gnu-tools-for-stm32.10.3-2021.10.win32_1.0.0.202111181127/tools/bin/../lib/gcc/arm-none-eabi/10.3.1/thumb/v7e-m+fp/hard\libgcc.a(_dvmd_tls.o)
 .ARM.attributes
                0x0000000000000765       0x1e c:/st/stm32cubeide_1.8.0/stm32cubeide/plugins/com.st.stm32cube.ide.mcu.externaltools.gnu-tools-for-stm32.10.3-2021.10.win32_1.0.0.202111181127/tools/bin/../lib/gcc/arm-none-eabi/10.3.1/thumb/v7e-m+fp/hard/crtn.o
OUTPUT(Module3.elf elf32-littlearm)
LOAD linker stubs
LOAD c:/st/stm32cubeide_1.8.0/stm32cubeide/plugins/com.st.stm32cube.ide.mcu.externaltools.gnu-tools-for-stm32.10.3-2021.10.win32_1.0.0.202111181127/tools/bin/../lib/gcc/arm-none-eabi/10.3.1/../../../../arm-none-eabi/lib/thumb/v7e-m+fp/hard\libc.a
LOAD c:/st/stm32cubeide_1.8.0/stm32cubeide/plugins/com.st.stm32cube.ide.mcu.externaltools.gnu-tools-for-stm32.10.3-2021.10.win32_1.0.0.202111181127/tools/bin/../lib/gcc/arm-none-eabi/10.3.1/../../../../arm-none-eabi/lib/thumb/v7e-m+fp/hard\libm.a
LOAD c:/st/stm32cubeide_1.8.0/stm32cubeide/plugins/com.st.stm32cube.ide.mcu.externaltools.gnu-tools-for-stm32.10.3-2021.10.win32_1.0.0.202111181127/tools/bin/../lib/gcc/arm-none-eabi/10.3.1/thumb/v7e-m+fp/hard\libgcc.a

.debug_info     0x0000000000000000    0x114d0
 .debug_info    0x0000000000000000     0x2923 ./Core/Src/main.o
 .debug_info    0x0000000000002923     0x13fd ./Core/Src/stm32f4xx_hal_msp.o
 .debug_info    0x0000000000003d20      0x6a1 ./Core/Src/stm32f4xx_it.o
 .debug_info    0x00000000000043c1      0x171 ./Core/Src/sysmem.o
 .debug_info    0x0000000000004532      0x54f ./Core/Src/system_stm32f4xx.o
 .debug_info    0x0000000000004a81       0x22 ./Core/Startup/startup_stm32f411retx.o
 .debug_info    0x0000000000004aa3      0x90e ./Drivers/STM32F4xx_HAL_Driver/Src/stm32f4xx_hal.o
 .debug_info    0x00000000000053b1      0xd8b ./Drivers/STM32F4xx_HAL_Driver/Src/stm32f4xx_hal_cortex.o
 .debug_info    0x000000000000613c      0x947 ./Drivers/STM32F4xx_HAL_Driver/Src/stm32f4xx_hal_dma.o
 .debug_info    0x0000000000006a83      0x78e ./Drivers/STM32F4xx_HAL_Driver/Src/stm32f4xx_hal_gpio.o
 .debug_info    0x0000000000007211     0x260f ./Drivers/STM32F4xx_HAL_Driver/Src/stm32f4xx_hal_i2c.o
 .debug_info    0x0000000000009820      0x98e ./Drivers/STM32F4xx_HAL_Driver/Src/stm32f4xx_hal_rcc.o
 .debug_info    0x000000000000a1ae     0x2bb7 ./Drivers/STM32F4xx_HAL_Driver/Src/stm32f4xx_hal_tim.o
 .debug_info    0x000000000000cd65     0x15d8 ./Drivers/STM32F4xx_HAL_Driver/Src/stm32f4xx_hal_tim_ex.o
 .debug_info    0x000000000000e33d     0x3193 ./Drivers/STM32F4xx_HAL_Driver/Src/stm32f4xx_hal_uart.o

.debug_abbrev   0x0000000000000000     0x1fe7
 .debug_abbrev  0x0000000000000000      0x3b5 ./Core/Src/main.o
 .debug_abbrev  0x00000000000003b5      0x278 ./Core/Src/stm32f4xx_hal_msp.o
 .debug_abbrev  0x000000000000062d      0x170 ./Core/Src/stm32f4xx_it.o
 .debug_abbrev  0x000000000000079d       0xbb ./Core/Src/sysmem.o
 .debug_abbrev  0x0000000000000858      0x116 ./Core/Src/system_stm32f4xx.o
 .debug_abbrev  0x000000000000096e       0x12 ./Core/Startup/startup_stm32f411retx.o
 .debug_abbrev  0x0000000000000980      0x23e ./Drivers/STM32F4xx_HAL_Driver/Src/stm32f4xx_hal.o
 .debug_abbrev  0x0000000000000bbe      0x316 ./Drivers/STM32F4xx_HAL_Driver/Src/stm32f4xx_hal_cortex.o
 .debug_abbrev  0x0000000000000ed4      0x21b ./Drivers/STM32F4xx_HAL_Driver/Src/stm32f4xx_hal_dma.o
 .debug_abbrev  0x00000000000010ef      0x1c4 ./Drivers/STM32F4xx_HAL_Driver/Src/stm32f4xx_hal_gpio.o
 .debug_abbrev  0x00000000000012b3      0x2a8 ./Drivers/STM32F4xx_HAL_Driver/Src/stm32f4xx_hal_i2c.o
 .debug_abbrev  0x000000000000155b      0x2aa ./Drivers/STM32F4xx_HAL_Driver/Src/stm32f4xx_hal_rcc.o
 .debug_abbrev  0x0000000000001805      0x26e ./Drivers/STM32F4xx_HAL_Driver/Src/stm32f4xx_hal_tim.o
 .debug_abbrev  0x0000000000001a73      0x276 ./Drivers/STM32F4xx_HAL_Driver/Src/stm32f4xx_hal_tim_ex.o
 .debug_abbrev  0x0000000000001ce9      0x2fe ./Drivers/STM32F4xx_HAL_Driver/Src/stm32f4xx_hal_uart.o

.debug_aranges  0x0000000000000000      0xfc0
 .debug_aranges
                0x0000000000000000      0x120 ./Core/Src/main.o
 .debug_aranges
                0x0000000000000120       0x68 ./Core/Src/stm32f4xx_hal_msp.o
 .debug_aranges
                0x0000000000000188       0x78 ./Core/Src/stm32f4xx_it.o
 .debug_aranges
                0x0000000000000200       0x20 ./Core/Src/sysmem.o
 .debug_aranges
                0x0000000000000220       0x28 ./Core/Src/system_stm32f4xx.o
 .debug_aranges
                0x0000000000000248       0x28 ./Core/Startup/startup_stm32f411retx.o
 .debug_aranges
                0x0000000000000270       0xf0 ./Drivers/STM32F4xx_HAL_Driver/Src/stm32f4xx_hal.o
 .debug_aranges
                0x0000000000000360      0x118 ./Drivers/STM32F4xx_HAL_Driver/Src/stm32f4xx_hal_cortex.o
 .debug_aranges
                0x0000000000000478       0x90 ./Drivers/STM32F4xx_HAL_Driver/Src/stm32f4xx_hal_dma.o
 .debug_aranges
                0x0000000000000508       0x58 ./Drivers/STM32F4xx_HAL_Driver/Src/stm32f4xx_hal_gpio.o
 .debug_aranges
                0x0000000000000560      0x2a0 ./Drivers/STM32F4xx_HAL_Driver/Src/stm32f4xx_hal_i2c.o
 .debug_aranges
                0x0000000000000800       0x88 ./Drivers/STM32F4xx_HAL_Driver/Src/stm32f4xx_hal_rcc.o
 .debug_aranges
                0x0000000000000888      0x3d0 ./Drivers/STM32F4xx_HAL_Driver/Src/stm32f4xx_hal_tim.o
 .debug_aranges
                0x0000000000000c58      0x168 ./Drivers/STM32F4xx_HAL_Driver/Src/stm32f4xx_hal_tim_ex.o
 .debug_aranges
                0x0000000000000dc0      0x200 ./Drivers/STM32F4xx_HAL_Driver/Src/stm32f4xx_hal_uart.o

.debug_ranges   0x0000000000000000      0xf30
 .debug_ranges  0x0000000000000000      0x110 ./Core/Src/main.o
 .debug_ranges  0x0000000000000110       0x58 ./Core/Src/stm32f4xx_hal_msp.o
 .debug_ranges  0x0000000000000168       0x68 ./Core/Src/stm32f4xx_it.o
 .debug_ranges  0x00000000000001d0       0x10 ./Core/Src/sysmem.o
 .debug_ranges  0x00000000000001e0       0x18 ./Core/Src/system_stm32f4xx.o
 .debug_ranges  0x00000000000001f8       0x20 ./Core/Startup/startup_stm32f411retx.o
 .debug_ranges  0x0000000000000218       0xe0 ./Drivers/STM32F4xx_HAL_Driver/Src/stm32f4xx_hal.o
 .debug_ranges  0x00000000000002f8      0x108 ./Drivers/STM32F4xx_HAL_Driver/Src/stm32f4xx_hal_cortex.o
 .debug_ranges  0x0000000000000400       0x80 ./Drivers/STM32F4xx_HAL_Driver/Src/stm32f4xx_hal_dma.o
 .debug_ranges  0x0000000000000480       0x48 ./Drivers/STM32F4xx_HAL_Driver/Src/stm32f4xx_hal_gpio.o
 .debug_ranges  0x00000000000004c8      0x2b8 ./Drivers/STM32F4xx_HAL_Driver/Src/stm32f4xx_hal_i2c.o
 .debug_ranges  0x0000000000000780       0x78 ./Drivers/STM32F4xx_HAL_Driver/Src/stm32f4xx_hal_rcc.o
 .debug_ranges  0x00000000000007f8      0x3c0 ./Drivers/STM32F4xx_HAL_Driver/Src/stm32f4xx_hal_tim.o
 .debug_ranges  0x0000000000000bb8      0x158 ./Drivers/STM32F4xx_HAL_Driver/Src/stm32f4xx_hal_tim_ex.o
 .debug_ranges  0x0000000000000d10      0x220 ./Drivers/STM32F4xx_HAL_Driver/Src/stm32f4xx_hal_uart.o

.debug_macro    0x0000000000000000    0x16f50
 .debug_macro   0x0000000000000000      0x3ed ./Core/Src/main.o
 .debug_macro   0x00000000000003ed      0xa78 ./Core/Src/main.o
 .debug_macro   0x0000000000000e65      0x2a1 ./Core/Src/main.o
 .debug_macro   0x0000000000001106       0x2e ./Core/Src/main.o
 .debug_macro   0x0000000000001134       0x28 ./Core/Src/main.o
 .debug_macro   0x000000000000115c       0x22 ./Core/Src/main.o
 .debug_macro   0x000000000000117e       0x8e ./Core/Src/main.o
 .debug_macro   0x000000000000120c       0x51 ./Core/Src/main.o
 .debug_macro   0x000000000000125d      0x103 ./Core/Src/main.o
 .debug_macro   0x0000000000001360       0x6a ./Core/Src/main.o
 .debug_macro   0x00000000000013ca      0x1df ./Core/Src/main.o
 .debug_macro   0x00000000000015a9       0x1c ./Core/Src/main.o
 .debug_macro   0x00000000000015c5       0x22 ./Core/Src/main.o
 .debug_macro   0x00000000000015e7       0xd9 ./Core/Src/main.o
 .debug_macro   0x00000000000016c0     0x102d ./Core/Src/main.o
 .debug_macro   0x00000000000026ed      0x11f ./Core/Src/main.o
 .debug_macro   0x000000000000280c     0xb953 ./Core/Src/main.o
 .debug_macro   0x000000000000e15f       0x6d ./Core/Src/main.o
 .debug_macro   0x000000000000e1cc     0x3666 ./Core/Src/main.o
 .debug_macro   0x0000000000011832      0x174 ./Core/Src/main.o
 .debug_macro   0x00000000000119a6       0x5c ./Core/Src/main.o
 .debug_macro   0x0000000000011a02      0x447 ./Core/Src/main.o
 .debug_macro   0x0000000000011e49      0x9fe ./Core/Src/main.o
 .debug_macro   0x0000000000012847      0x116 ./Core/Src/main.o
 .debug_macro   0x000000000001295d      0x11b ./Core/Src/main.o
 .debug_macro   0x0000000000012a78       0xa5 ./Core/Src/main.o
 .debug_macro   0x0000000000012b1d      0x15f ./Core/Src/main.o
 .debug_macro   0x0000000000012c7c      0x287 ./Core/Src/main.o
 .debug_macro   0x0000000000012f03       0x5f ./Core/Src/main.o
 .debug_macro   0x0000000000012f62      0x236 ./Core/Src/main.o
 .debug_macro   0x0000000000013198      0x132 ./Core/Src/main.o
 .debug_macro   0x00000000000132ca      0x264 ./Core/Src/main.o
 .debug_macro   0x000000000001352e       0x2e ./Core/Src/main.o
 .debug_macro   0x000000000001355c      0x1b5 ./Core/Src/main.o
 .debug_macro   0x0000000000013711       0x22 ./Core/Src/main.o
 .debug_macro   0x0000000000013733       0xd6 ./Core/Src/main.o
 .debug_macro   0x0000000000013809      0x11a ./Core/Src/main.o
 .debug_macro   0x0000000000013923       0x85 ./Core/Src/main.o
 .debug_macro   0x00000000000139a8       0x89 ./Core/Src/main.o
 .debug_macro   0x0000000000013a31      0x8d1 ./Core/Src/main.o
 .debug_macro   0x0000000000014302       0x47 ./Core/Src/main.o
 .debug_macro   0x0000000000014349      0x295 ./Core/Src/main.o
 .debug_macro   0x00000000000145de      0x126 ./Core/Src/main.o
 .debug_macro   0x0000000000014704       0x64 ./Core/Src/main.o
 .debug_macro   0x0000000000014768       0x52 ./Core/Src/main.o
 .debug_macro   0x00000000000147ba       0x1e ./Core/Src/main.o
 .debug_macro   0x00000000000147d8       0x3c ./Core/Src/main.o
 .debug_macro   0x0000000000014814       0x34 ./Core/Src/main.o
 .debug_macro   0x0000000000014848       0x16 ./Core/Src/main.o
 .debug_macro   0x000000000001485e       0x35 ./Core/Src/main.o
 .debug_macro   0x0000000000014893      0x341 ./Core/Src/main.o
 .debug_macro   0x0000000000014bd4       0x10 ./Core/Src/main.o
 .debug_macro   0x0000000000014be4       0x16 ./Core/Src/main.o
 .debug_macro   0x0000000000014bfa       0x43 ./Core/Src/main.o
 .debug_macro   0x0000000000014c3d       0x34 ./Core/Src/main.o
 .debug_macro   0x0000000000014c71       0x10 ./Core/Src/main.o
 .debug_macro   0x0000000000014c81       0x58 ./Core/Src/main.o
 .debug_macro   0x0000000000014cd9       0x71 ./Core/Src/main.o
 .debug_macro   0x0000000000014d4a       0x1c ./Core/Src/main.o
 .debug_macro   0x0000000000014d66      0x12a ./Core/Src/main.o
 .debug_macro   0x0000000000014e90       0x10 ./Core/Src/main.o
 .debug_macro   0x0000000000014ea0       0x1c ./Core/Src/main.o
 .debug_macro   0x0000000000014ebc       0x52 ./Core/Src/main.o
 .debug_macro   0x0000000000014f0e       0x22 ./Core/Src/main.o
 .debug_macro   0x0000000000014f30       0x10 ./Core/Src/main.o
 .debug_macro   0x0000000000014f40       0x52 ./Core/Src/main.o
 .debug_macro   0x0000000000014f92       0xd5 ./Core/Src/main.o
 .debug_macro   0x0000000000015067       0x1c ./Core/Src/main.o
 .debug_macro   0x0000000000015083       0x3d ./Core/Src/main.o
 .debug_macro   0x00000000000150c0       0x16 ./Core/Src/main.o
 .debug_macro   0x00000000000150d6      0x145 ./Core/Src/main.o
 .debug_macro   0x000000000001521b       0x16 ./Core/Src/main.o
 .debug_macro   0x0000000000015231       0x16 ./Core/Src/main.o
 .debug_macro   0x0000000000015247       0x29 ./Core/Src/main.o
 .debug_macro   0x0000000000015270       0x16 ./Core/Src/main.o
 .debug_macro   0x0000000000015286       0x20 ./Core/Src/main.o
 .debug_macro   0x00000000000152a6      0x19b ./Core/Src/main.o
 .debug_macro   0x0000000000015441      0x1f6 ./Core/Src/stm32f4xx_hal_msp.o
 .debug_macro   0x0000000000015637      0x200 ./Core/Src/stm32f4xx_it.o
 .debug_macro   0x0000000000015837       0xff ./Core/Src/sysmem.o
 .debug_macro   0x0000000000015936      0x23b ./Core/Src/sysmem.o
 .debug_macro   0x0000000000015b71      0x1e7 ./Core/Src/system_stm32f4xx.o
 .debug_macro   0x0000000000015d58      0x247 ./Drivers/STM32F4xx_HAL_Driver/Src/stm32f4xx_hal.o
 .debug_macro   0x0000000000015f9f      0x1e7 ./Drivers/STM32F4xx_HAL_Driver/Src/stm32f4xx_hal_cortex.o
 .debug_macro   0x0000000000016186      0x1ed ./Drivers/STM32F4xx_HAL_Driver/Src/stm32f4xx_hal_dma.o
 .debug_macro   0x0000000000016373      0x1ed ./Drivers/STM32F4xx_HAL_Driver/Src/stm32f4xx_hal_gpio.o
 .debug_macro   0x0000000000016560      0x22e ./Drivers/STM32F4xx_HAL_Driver/Src/stm32f4xx_hal_i2c.o
 .debug_macro   0x000000000001678e      0x20b ./Drivers/STM32F4xx_HAL_Driver/Src/stm32f4xx_hal_rcc.o
 .debug_macro   0x0000000000016999      0x1e8 ./Drivers/STM32F4xx_HAL_Driver/Src/stm32f4xx_hal_tim.o
 .debug_macro   0x0000000000016b81      0x1e7 ./Drivers/STM32F4xx_HAL_Driver/Src/stm32f4xx_hal_tim_ex.o
 .debug_macro   0x0000000000016d68      0x1e8 ./Drivers/STM32F4xx_HAL_Driver/Src/stm32f4xx_hal_uart.o

.debug_line     0x0000000000000000    0x12725
 .debug_line    0x0000000000000000     0x19f0 ./Core/Src/main.o
 .debug_line    0x00000000000019f0      0x8aa ./Core/Src/stm32f4xx_hal_msp.o
 .debug_line    0x000000000000229a      0x7f3 ./Core/Src/stm32f4xx_it.o
 .debug_line    0x0000000000002a8d      0x4e5 ./Core/Src/sysmem.o
 .debug_line    0x0000000000002f72      0x76a ./Core/Src/system_stm32f4xx.o
 .debug_line    0x00000000000036dc       0x88 ./Core/Startup/startup_stm32f411retx.o
 .debug_line    0x0000000000003764      0x9d0 ./Drivers/STM32F4xx_HAL_Driver/Src/stm32f4xx_hal.o
 .debug_line    0x0000000000004134      0xc7f ./Drivers/STM32F4xx_HAL_Driver/Src/stm32f4xx_hal_cortex.o
 .debug_line    0x0000000000004db3      0xf37 ./Drivers/STM32F4xx_HAL_Driver/Src/stm32f4xx_hal_dma.o
 .debug_line    0x0000000000005cea      0xb0a ./Drivers/STM32F4xx_HAL_Driver/Src/stm32f4xx_hal_gpio.o
 .debug_line    0x00000000000067f4     0x397c ./Drivers/STM32F4xx_HAL_Driver/Src/stm32f4xx_hal_i2c.o
 .debug_line    0x000000000000a170      0xd4c ./Drivers/STM32F4xx_HAL_Driver/Src/stm32f4xx_hal_rcc.o
 .debug_line    0x000000000000aebc     0x34aa ./Drivers/STM32F4xx_HAL_Driver/Src/stm32f4xx_hal_tim.o
 .debug_line    0x000000000000e366     0x1968 ./Drivers/STM32F4xx_HAL_Driver/Src/stm32f4xx_hal_tim_ex.o
 .debug_line    0x000000000000fcce     0x2a57 ./Drivers/STM32F4xx_HAL_Driver/Src/stm32f4xx_hal_uart.o

.debug_str      0x0000000000000000    0x9194b
 .debug_str     0x0000000000000000    0x8e199 ./Core/Src/main.o
                                      0x8e5c6 (size before relaxing)
 .debug_str     0x000000000008e199      0x149 ./Core/Src/stm32f4xx_hal_msp.o
                                      0x892fe (size before relaxing)
 .debug_str     0x000000000008e2e2      0x132 ./Core/Src/stm32f4xx_it.o
                                      0x887eb (size before relaxing)
 .debug_str     0x000000000008e414      0x4da ./Core/Src/sysmem.o
                                       0x5da0 (size before relaxing)
 .debug_str     0x000000000008e8ee       0xdb ./Core/Src/system_stm32f4xx.o
                                      0x882ef (size before relaxing)
 .debug_str     0x000000000008e9c9       0x36 ./Core/Startup/startup_stm32f411retx.o
                                         0x62 (size before relaxing)
 .debug_str     0x000000000008e9ff      0x5f0 ./Drivers/STM32F4xx_HAL_Driver/Src/stm32f4xx_hal.o
                                      0x88d1b (size before relaxing)
 .debug_str     0x000000000008efef      0x323 ./Drivers/STM32F4xx_HAL_Driver/Src/stm32f4xx_hal_cortex.o
                                      0x88a3c (size before relaxing)
 .debug_str     0x000000000008f312      0x2f4 ./Drivers/STM32F4xx_HAL_Driver/Src/stm32f4xx_hal_dma.o
                                      0x886f7 (size before relaxing)
 .debug_str     0x000000000008f606      0x10b ./Drivers/STM32F4xx_HAL_Driver/Src/stm32f4xx_hal_gpio.o